[10:30:01] Iniciando Morning Call Digest | python=C:\Users\berbe\AppData\Local\Microsoft\WindowsApps\py.exe
🔌 Suspensão por ociosidade bloqueada durante a execução
🗓️  Digest de: 16/07/2026

🔍 Verificando bloqueio de IP...
✅ IP liberado — iniciando coleta

📡 [btg]
   📋 [btg] 1 vídeo(s) do dia — IA selecionando...
   ✅ [btg] 🔵 16/07 - Brasil é alvo de tarifas em meio a tensão ent (28min)
      Motivo IA: O vídeo possui o título explícito de 'Morning Call', a data correta e aborda o panorama macroeconômico do dia.
   ✅ OK | 28min | 27,413 chars

📡 [genial]
   📋 [genial] 2 vídeo(s) do dia — IA selecionando...
   ✅ [genial] 🔴 16/07 Bolsas recuam com IA e tensão no Golfo em foco  (47min)
      Motivo IA: O vídeo apresenta o panorama macroeconômico do dia, caracterizando-se como um Morning Call.
   ✅ OK | 47min | 42,945 chars

📡 [investing]
   📋 [investing] 1 vídeo(s) do dia — IA selecionando...
   ✅ [investing] Novo tarifaço dos EUA é confirmado; balanços americanos (36min)
      Motivo IA: O vídeo possui o termo 'Morning Call' no título, foi publicado na data correta e aborda o panorama macroeconômico do dia.
   ⏳ Transcrição indisponível — aguardando 10min (tentativa 1/3)...
   ⏳ Transcrição indisponível — aguardando 10min (tentativa 2/3)...
   ❌ Erro: 
Could not retrieve a transcript for the video https://www.youtube.com/watch?v=sOwZlbvj4uI! This is most likely caused b

📡 [xp]
   📋 [xp] 1 vídeo(s) do dia — IA selecionando...
   ✅ [xp] 🟡 16/07/2026 | TARIFAÇO dos EUA: quais os IMPACTOS para (27min)
      Motivo IA: O vídeo possui a data correta e o formato de Morning Call com análise macroeconômica.
   ✅ OK | 27min | 22,531 chars

📡 [picpay]
   📋 [picpay] 1 vídeo(s) do dia — IA selecionando...
   ✅ [picpay] #940 Economic Daily: Market stalls awaiting US tariff h (5min)
      Motivo IA: O vídeo é um podcast diário de economia que aborda o panorama macroeconômico do dia 16/07/2026.
   ✅ OK | 5min | 4,775 chars

📊 4/5 canais coletados


============================================================
O mercado financeiro desta quinta-feira, 16 de julho de 2026, opera sob um clima de maior aversão ao risco, influenciado pela escalada das tensões geopolíticas no Oriente Médio e pela incerteza em torno de novas tarifas comerciais dos Estados Unidos. Ressalta-se que o canal Investing não está disponível hoje devido a um erro técnico na recuperação de sua transcrição. Segundo o BTG, o cenário global reflete o ceticismo dos investidores diante das ameaças militares entre Irã e Estados Unidos, enquanto a Genial destaca que o mercado vive um momento de rotação setorial, com investidores realizando lucros em semicondutores — setor que apresenta sinais de exaustão após forte rali — e migrando para as "Sete Magníficas".

Há consenso entre BTG, Genial, XP e PicPay de que o cenário doméstico brasileiro segue descolado do otimismo externo, pressionado por ruídos fiscais e políticos. A XP aponta que a cautela com o quadro fiscal e o resultado de pesquisas eleitorais recentes têm limitado o apetite ao risco local, enquanto o PicPay reforça que a ausência de oficialização sobre o "tarifaço" americano de 25% mantém o Ibovespa travado. Divergências pontuais surgem na análise de fluxo: enquanto a Genial destaca a entrada robusta de capital estrangeiro no primeiro semestre, o BTG observa que o fluxo institucional recente ainda é marginal, com o mercado aguardando dados de vendas no varejo e o IBC-BR para calibrar as expectativas sobre a atividade econômica e a trajetória da taxa Selic.

No âmbito corporativo e de ativos, a TSMC foi destaque após reportar resultados acima do esperado, embora o mercado tenha reagido negativamente ao aumento de seu capex, conforme observado pelo BTG e pela XP. A Genial e a XP alertam para a fragilidade técnica de empresas de tecnologia e chips, recomendando cautela com a sobrealocação nesses papéis. No Brasil, a XP sugere estratégias de crédito privado para investidores que buscam diversificação diante dos vencimentos de títulos públicos, enquanto o PicPay monitora o impacto de novas PECs com viés expansionista sobre a curva de juros longa, que permanece sensível e pressionada.
============================================================

📈 Buscando preços de mercado...
✅ Email enviado para: bernardo.mrlima0110@gmail.com, tdvuono@gmail.com
[11:05:14] Script finalizado
