[10:30:01] Iniciando Morning Call Digest | python=C:\Users\berbe\AppData\Local\Microsoft\WindowsApps\py.exe
🔌 Suspensão por ociosidade bloqueada durante a execução
🗓️  Digest de: 28/07/2026

🔍 Verificando bloqueio de IP...
✅ IP liberado — iniciando coleta

📡 [btg]
   📋 [btg] 1 vídeo(s) do dia — IA selecionando...
   ✅ [btg] 🔵 28/07 - Kospi tomba mais de 10% e puxa liquidação glo (20min)
      Motivo IA: O vídeo possui a data correta, o título indica claramente ser um Morning Call e aborda o panorama macroeconômico global.
   ✅ OK | 20min | 19,674 chars

📡 [genial]
   📋 [genial] 2 vídeo(s) do dia — IA selecionando...
   ✅ [genial] 🔴 28/07 Semicondutores despencam com avanço da China em (49min)
      Motivo IA: O vídeo possui o título explícito de Morning Call e aborda o panorama macroeconômico do dia 28/07/2026.
   ✅ OK | 49min | 44,034 chars

📡 [investing]
   ⚠️  Ausente: nenhum vídeo publicado em 28/07/2026 (último: 20260724)

📡 [xp]
   📋 [xp] 1 vídeo(s) do dia — IA selecionando...
   ✅ [xp] 🟡 28/07/2026 | MERCADOS HOJE e destaques dos FUNDOS IMO (35min)
      Motivo IA: O vídeo possui a data correta, o termo 'Morning Call' no título e aborda o panorama do mercado financeiro.
   ✅ OK | 35min | 33,382 chars

📡 [picpay]
   📋 [picpay] 1 vídeo(s) do dia — IA selecionando...
   ✅ [picpay] #948 Economic Daily: Oil plunges 6% and eases global in (4min)
      Motivo IA: O vídeo é um podcast diário de economia com foco em panorama macroeconômico, correspondendo à definição de Morning Call.
   ✅ OK | 4min | 4,163 chars

📊 4/5 canais coletados


============================================================
O mercado financeiro opera em compasso de espera nesta terça-feira, 28 de julho de 2026, aguardando a decisão de política monetária do Federal Reserve, que ocorre amanhã. Ressalta-se que o canal Investing não publicou conteúdos nesta data, estando ausente desta análise. Segundo o BTG, a Genial, a XP e o PicPay, o cenário global é marcado por volatilidade, com investidores monitorando a temporada de balanços nos Estados Unidos e a persistente incerteza sobre a trajetória dos juros americanos. Enquanto o BTG e a XP destacam a cautela com o setor de tecnologia e semicondutores — pressionado por tensões entre EUA e China e dúvidas sobre a rentabilidade dos investimentos em inteligência artificial —, a Genial aponta para um movimento de rotação de capital, com o mercado realizando lucros em ativos de tecnologia e buscando ações de valor.

No cenário doméstico, o foco principal dos analistas é a divulgação do IPCA-15 de julho. Segundo o BTG e o PicPay, a expectativa é de uma desaceleração da inflação, o que reforçaria o cenário de continuidade do ciclo de ajuste gradual da Selic. A Genial destaca que o dado de inflação é crucial para calibrar as expectativas, especialmente após o boletim Focus ter indicado uma desancoragem das projeções para 2027 e 2028. Há consenso entre os canais de que o real tem enfrentado dificuldades, com o PicPay observando que a moeda brasileira não conseguiu se beneficiar do alívio geopolítico recente, mantendo-se sensível às oscilações do preço do petróleo.

Quanto aos ativos em destaque, a Petrobras é monitorada de perto por todos os canais, com a XP e o PicPay mencionando a divulgação dos dados de produção da companhia como um evento chave para o dia. No setor de fundos imobiliários, a XP ressalta a resiliência dos fundamentos operacionais, apesar da pressão na curva de juros, e reforça a recomendação de compra para o Vilg11, enquanto mantém postura neutra para o BRCR11. Por fim, há divergência sobre a intensidade da política monetária americana: enquanto a Genial aponta que o mercado precifica cerca de 34% de chance de uma alta de juros já nesta quarta-feira, o BTG e a XP enfatizam que o cenário base ainda é de manutenção, com o Fed possivelmente sinalizando um aumento para setembro.
============================================================

📈 Buscando preços de mercado...
✅ Email enviado para: bernardo.mrlima0110@gmail.com, tdvuono@gmail.com
[10:44:21] Script finalizado
