[18:33:53] Iniciando Morning Call Digest | python=C:\Users\berbe\AppData\Local\Microsoft\WindowsApps\py.exe
🔌 Suspensão por ociosidade bloqueada durante a execução
🗓️  Digest de: 22/07/2026

🔍 Verificando bloqueio de IP...
✅ IP liberado — iniciando coleta

📡 [btg]
   📋 [btg] 1 vídeo(s) do dia — IA selecionando...
   ✅ [btg] 🔵 22/07 - Nova tarifa de 25% entra em vigor; balanços c (23min)
      Motivo IA: O vídeo possui o título explícito de Morning Call, data correspondente e aborda o panorama macroeconômico do dia.
   ✅ OK | 23min | 24,358 chars

📡 [genial]
   📋 [genial] 4 vídeo(s) do dia — IA selecionando...
   ✅ [genial] 🔴 22/07 Petróleo rompe US$ 95 com tensão no Oriente Méd (57min)
      Motivo IA: É o único vídeo que identifica explicitamente o programa como Morning Call e aborda o panorama macroeconômico do dia.
   ✅ OK | 56min | 53,161 chars

📡 [investing]
   📋 [investing] 1 vídeo(s) do dia — IA selecionando...
   ✅ [investing] Tarifaço de Trump entra em vigor, Google, IBM e Tesla r (33min)
      Motivo IA: O vídeo possui o título explícito de Morning Call, data correspondente e aborda o panorama macroeconômico do dia.
   ⏳ Transcrição indisponível — aguardando 10min (tentativa 1/3)...
   ⏳ Transcrição indisponível — aguardando 10min (tentativa 2/3)...
   ❌ Erro: 
Could not retrieve a transcript for the video https://www.youtube.com/watch?v=lxeJuIUVJyA! This is most likely caused b

📡 [xp]
   📋 [xp] 1 vídeo(s) do dia — IA selecionando...
   ✅ [xp] 🟡 22/07/2026 | MERCADOS hoje e o SETOR IMOBILIÁRIO no 2 (27min)
      Motivo IA: O vídeo possui a data correta, o termo 'Morning Call' no título e aborda o panorama macroeconômico do dia.
   ✅ OK | 27min | 20,017 chars

📡 [picpay]
   📋 [picpay] 1 vídeo(s) do dia — IA selecionando...
   ✅ [picpay] #944 Economic Daily: Oil bolsters the Real while Treasu (5min)
      Motivo IA: O vídeo é um podcast diário de economia (Economic Daily) focado no panorama macroeconômico do dia 22/07/2026.
   ✅ OK | 5min | 5,375 chars

📊 4/5 canais coletados


============================================================
Prezado investidor, informamos que não foi possível obter a transcrição do canal Investing devido a um erro técnico, portanto, este resumo contempla apenas as análises do BTG, Genial, XP e PicPay. O cenário macroeconômico global é marcado por aversão ao risco e volatilidade, impulsionada pela escalada do conflito no Oriente Médio. Segundo o BTG e a Genial, a instabilidade no Estreito de Ormuz e as ameaças ao Mar Vermelho elevaram o petróleo Brent para a casa dos US$ 95, gerando preocupações sobre pressões inflacionárias e a trajetória dos juros globais. Há consenso entre os canais de que o cenário de juros longos nos Estados Unidos tornou-se "tóxico", com a curva de rendimentos (Treasuries) pressionada, o que limita o espaço para cortes de juros pelo Federal Reserve e prejudica a atratividade de ativos em mercados emergentes.

No ambiente corporativo, o mercado mantém foco total na temporada de resultados, com destaque para as big techs. Enquanto a XP e a Genial apontam que o mercado busca discernir se o alto capex das empresas de tecnologia trará retorno consistente, a Genial destaca a rotação de capital de semicondutores para ações de valor. No Brasil, a Vale foi citada pelo BTG, Genial e XP por sua forte produção trimestral, embora a XP ressalte que os custos elevados permanecem como o ponto frágil da tese. O PicPay observa que, apesar da alta do petróleo beneficiar o real e as exportações brasileiras, o Ibovespa segue descolado das bolsas americanas, acumulando sequências de quedas e mantendo-se dependente do desempenho de commodities e do setor financeiro.

Quanto aos riscos, a Genial e o BTG enfatizam a fragilidade fiscal como um vetor de pressão para os juros reais brasileiros, que permanecem em patamares elevados. Enquanto a XP destaca a resiliência do setor imobiliário, com empresas de baixa renda apresentando crescimento sólido, a Genial e o BTG alertam para a incerteza sobre a aplicação de novas tarifas americanas sobre produtos brasileiros, o que gera um ambiente de cautela. Em suma, o mercado opera em um compasso de espera, onde a resiliência dos lucros corporativos tenta contrabalançar o ambiente macroeconômico adverso, caracterizado por juros altos e riscos geopolíticos persistentes.
============================================================

📈 Buscando preços de mercado...
✅ Email enviado para: bernardo.mrlima0110@gmail.com, tdvuono@gmail.com
[19:08:55] Script finalizado
