[10:30:01] Iniciando Morning Call Digest | python=C:\Users\berbe\AppData\Local\Microsoft\WindowsApps\py.exe
🔌 Suspensão por ociosidade bloqueada durante a execução
🗓️  Digest de: 08/07/2026

🔍 Verificando bloqueio de IP...
✅ IP liberado — iniciando coleta

📡 [btg]
   📋 [btg] 1 vídeo(s) do dia — IA selecionando...
   ✅ [btg] 🔵 08/07 - Onde investir em renda fixa no 2° semestre |  (24min)
      Motivo IA: O vídeo é um Morning Call oficial do dia 08/07/2026, focado no panorama de mercado.
   ✅ OK | 24min | 22,587 chars

📡 [genial]
   📋 [genial] 2 vídeo(s) do dia — IA selecionando...
   ✅ [genial] 🔴 08/07 Fim do cessar-fogo faz petróleo disparar e afun (50min)
      Motivo IA: O vídeo apresenta um panorama macroeconômico do dia com foco na abertura do mercado, caracterizando um Morning Call.
   ✅ OK | 49min | 43,849 chars

📡 [investing]
   📋 [investing] 1 vídeo(s) do dia — IA selecionando...
   ✅ [investing] Ataques no Oriente Médio azedam mercado antes da ata do (46min)
      Motivo IA: O vídeo possui o termo 'Morning Call' no título, foi publicado na data correta e aborda o panorama macroeconômico do dia.
   ⏳ Transcrição indisponível — aguardando 10min (tentativa 1/3)...
   ⏳ Transcrição indisponível — aguardando 10min (tentativa 2/3)...
   ❌ Erro: 
Could not retrieve a transcript for the video https://www.youtube.com/watch?v=sLXWD4sFf4g! This is most likely caused b

📡 [xp]
   📋 [xp] 1 vídeo(s) do dia — IA selecionando...
   ✅ [xp] 🟡 08/07/2026 | DISPARADA do PETRÓLEO e recomendação de  (30min)
      Motivo IA: O vídeo possui a data correta, é identificado explicitamente como Morning Call e aborda o panorama macroeconômico do dia.
   ✅ OK | 30min | 27,522 chars

📡 [picpay]
   📋 [picpay] 1 vídeo(s) do dia — IA selecionando...
   ✅ [picpay] #935 Economic Daily: Middle East tension puts pressure  (5min)
      Motivo IA: O vídeo é um podcast diário de economia (Economic Daily) que aborda o panorama macroeconômico global na data solicitada.
   ✅ OK | 5min | 4,342 chars

📊 4/5 canais coletados


============================================================
Informamos que não foi possível obter a transcrição do canal Investing devido a um erro técnico, portanto, este resumo contempla apenas as informações dos canais BTG, Genial, XP e PicPay. O mercado financeiro global amanheceu nesta quarta-feira, 8 de julho de 2026, sob forte aversão ao risco, impulsionada pela reescalada do conflito entre Estados Unidos e Irã. Segundo o BTG, a XP e o PicPay, a revogação da licença de exportação de petróleo iraniano pelos EUA e a retomada de ataques militares elevaram o preço do barril de Brent em cerca de 6%, revertendo o consenso anterior de distensionamento geopolítico. A Genial destaca que este cenário desafia a tese de desinflação gradual e corte de juros, pressionando as taxas de juros globais e fortalecendo o dólar, com o mercado monitorando de perto a ata do Fed, que será divulgada às 15h.

Há consenso entre os canais de que o ambiente de juros longos no mundo tornou-se "tóxico", com a Genial e a XP ressaltando a pressão sobre os títulos soberanos americanos e a necessidade de cautela. Enquanto o BTG recomenda uma postura defensiva e a preferência por ativos de renda fixa com duration mais curto para mitigar a volatilidade, a XP observa que o mercado de ações tem sofrido com uma rotação setorial, saindo de empresas de tecnologia e semicondutores com valuations esticados em direção a setores mais resilientes e defensivos. O PicPay reforça que, apesar da deflação registrada no IGP-DI de junho, o cenário externo tem prevalecido sobre a narrativa desinflacionária doméstica.

No cenário brasileiro, a Genial e o PicPay pontuam que o Tesouro Nacional tem adotado uma estratégia de emissões simbólicas de títulos IPCA longos para evitar a deterioração da curva de juros, mantendo a possibilidade de recompra de dívida caso a volatilidade persista. Em termos de ativos específicos, a XP destacou a Prinner como uma oportunidade de crescimento no setor de serviços industriais e mineração, elevando seu preço-alvo para R$ 31,00, enquanto o BTG reforçou a atratividade de ativos de crédito privado "high grade" e o case da Metrô Rio, dada a maior previsibilidade de fluxo de caixa após a reestruturação contratual. O risco principal para os próximos dias permanece atrelado à persistência da inflação e aos desdobramentos do conflito no Oriente Médio.
============================================================

📈 Buscando preços de mercado...
✅ Email enviado para: bernardo.mrlima0110@gmail.com, tdvuono@gmail.com
[11:05:07] Script finalizado
