[10:30:00] Iniciando Morning Call Digest | python=C:\Users\berbe\AppData\Local\Microsoft\WindowsApps\py.exe
🔌 Suspensão por ociosidade bloqueada durante a execução
🗓️  Digest de: 27/07/2026

🔍 Verificando bloqueio de IP...
✅ IP liberado — iniciando coleta

📡 [btg]
   📋 [btg] 1 vídeo(s) do dia — IA selecionando...
   ✅ [btg] 🔵 27/07 - Petróleo derrete 7% e mercados globais reagem (24min)
      Motivo IA: O vídeo possui a data correta e o formato de Morning Call, cobrindo o panorama macroeconômico antes da abertura do mercado.
   ✅ OK | 23min | 22,306 chars

📡 [genial]
   📋 [genial] 2 vídeo(s) do dia — IA selecionando...
   ✅ [genial] 🔴 27/07/2026 | Trégua entre EUA e Irã derruba petróleo; (37min)
      Motivo IA: O vídeo apresenta o panorama macroeconômico do dia antes da abertura do mercado, caracterizando-se como um Morning Call.
   ✅ OK | 36min | 30,334 chars

📡 [investing]
   ⚠️  Ausente: nenhum vídeo publicado em 27/07/2026 (último: 20260724)

📡 [xp]
   📋 [xp] 1 vídeo(s) do dia — IA selecionando...
   ✅ [xp] 🟡 27/07/2026 | EXPERT 2026 e o que esperar para a BOLSA (28min)
      Motivo IA: O vídeo possui a data correta, o termo 'Morning Call' no título e aborda o panorama macroeconômico para a abertura do mercado.
   ✅ OK | 28min | 21,728 chars

📡 [picpay]
   📋 [picpay] 1 vídeo(s) do dia — IA selecionando...
   ✅ [picpay] #947 Economic Daily: Oil retreats but truce remains fra (7min)
      Motivo IA: O vídeo é um podcast diário de economia (Economic Daily) com data correspondente ao dia 27/07/2026, cumprindo os critérios de um morning call.
   ✅ OK | 7min | 6,522 chars

📊 4/5 canais coletados

[10:44:20] Script finalizado
