[10:30:01] Iniciando Morning Call Digest | python=C:\Users\berbe\AppData\Local\Microsoft\WindowsApps\py.exe
🔌 Suspensão por ociosidade bloqueada durante a execução
🗓️  Digest de: 22/06/2026

🔍 Verificando bloqueio de IP...
✅ IP liberado — iniciando coleta

📡 [btg]
   📋 [btg] 1 vídeo(s) do dia — IA selecionando...
   ✅ [btg] 🔵 22/06 - Ormuz fechado e petróleo sem direção; premiê  (25min)
      Motivo IA: O vídeo possui o título explícito de Morning Call, foi publicado na data correta e aborda o panorama macroeconômico do dia.
   ✅ OK | 25min | 21,956 chars

📡 [genial]
   📋 [genial] 2 vídeo(s) do dia — IA selecionando...
   ✅ [genial] 🔴 22/06 Petróleo recua com avanço EUA-Irã e futuros ope (43min)
      Motivo IA: O vídeo apresenta o panorama macroeconômico do dia antes da abertura do mercado, caracterizando-se como um Morning Call.
   ✅ OK | 43min | 37,809 chars

📡 [investing]
   📋 [investing] 1 vídeo(s) do dia — IA selecionando...
   ✅ [investing] 🔴 AO VIVO: Starmer renuncia no Reino Unido, negociações (54min)
      Motivo IA: O vídeo possui o título explícito de Morning Call, foi publicado na data correta e aborda o panorama macroeconômico global.
   ⏳ Transcrição indisponível — aguardando 10min (tentativa 1/3)...
   ⏳ Transcrição indisponível — aguardando 10min (tentativa 2/3)...
   ❌ Erro: 
Could not retrieve a transcript for the video https://www.youtube.com/watch?v=YopZ9bIKHhE! This is most likely caused b

📡 [xp]
   📋 [xp] 1 vídeo(s) do dia — IA selecionando...
   ✅ [xp] 🟡 22/06/2026 | INTELIGÊNCIA ARTIFICIAL: o que você prec (32min)
      Motivo IA: O vídeo possui a data correta e está explicitamente identificado como Morning Call, abordando o panorama de mercado.
   ✅ OK | 32min | 28,347 chars

📡 [picpay]
   📋 [picpay] 1 vídeo(s) do dia — IA selecionando...
   ✅ [picpay] #923 Economic Daily: Yield curve rises ahead of Copom m (5min)
      Motivo IA: O vídeo é um podcast diário de economia com foco no panorama macroeconômico do dia 22/06/2026.
   ✅ OK | 5min | 4,519 chars

📊 4/5 canais coletados


============================================================
O mercado financeiro inicia a semana com foco total na agenda macroeconômica, após a ausência de dados relevantes na sexta-feira devido ao feriado nos Estados Unidos. O canal Investing não pôde ser incluído neste resumo por erro técnico na recuperação de sua transcrição. O cenário global é marcado pela narrativa do "excepcionalismo americano", com o BTG e a Genial destacando a resiliência da atividade econômica dos EUA e a pressão por juros mais altos, reforçada pela postura hawkish do novo presidente do Fed, Kevin Warsh. Enquanto o BTG aponta que o mercado já precifica cerca de 72% de probabilidade de alta de juros em setembro, a Genial menciona que o Bank of America projeta até três altas consecutivas ainda este ano, o que mantém o dólar fortalecido e pressiona ativos de países emergentes.

No Brasil, há consenso entre BTG, Genial, XP e PicPay de que a ata do Copom, a ser divulgada na terça-feira, é o evento mais crítico para o mercado. Os canais destacam que o comunicado da última semana gerou forte estresse na curva de juros, com o PicPay observando que os vértices longos flertam com 15% e a XP ressaltando a "lambança" na curva de juros DI. A Genial e o PicPay enfatizam a preocupação com a fragilidade fiscal e a percepção de que o governo não demonstra sensibilidade ao aumento do prêmio de risco, o que tem levado a uma desancoragem das expectativas de inflação. A XP complementa que, apesar do cenário desafiador, o valuation da bolsa brasileira permanece atrativo, embora careça de gatilhos claros para uma reversão de tendência.

Em relação aos riscos geopolíticos, BTG, Genial, XP e PicPay convergem ao avaliar que, embora haja progresso nas negociações entre Estados Unidos e Irã para um acordo de paz em 60 dias, o cenário permanece incerto. O petróleo Brent tem operado com volatilidade, refletindo essas tensões, enquanto o ouro é visto pelo BTG como uma oportunidade de alocação após quedas recentes. Adicionalmente, a XP e o PicPay destacam o cenário político doméstico, com a XP mencionando a polarização nas pesquisas eleitorais e o PicPay pontuando que declarações de figuras políticas sobre a manutenção de pisos constitucionais e a ausência de reformas estruturais têm atuado como drivers específicos para a volatilidade do real e da curva de juros.

Para o restante da semana, a agenda é densa e monitorada de perto por todos os canais. O PicPay e a XP destacam que, além da ata do Copom, a quinta-feira será decisiva com a divulgação do IPCA-15 no Brasil e do deflator do PCE nos Estados Unidos, dado que o Fed utiliza como referência para sua política monetária. A Genial reforça que o relatório trimestral de inflação (RTI) será fundamental para entender a fundamentação técnica do Banco Central brasileiro. Em suma, o mercado aguarda sinais claros de que o BC conseguirá recuperar sua narrativa técnica, sob pena de ver o prêmio de risco continuar a subir caso a comunicação seja interpretada como excessivamente dovish.
============================================================

📈 Buscando preços de mercado...
✅ Email enviado para: bernardo.mrlima0110@gmail.com, tdvuono@gmail.com
[11:04:33] Script finalizado
