[10:30:01] Iniciando Morning Call Digest | python=C:\Users\berbe\AppData\Local\Microsoft\WindowsApps\py.exe
🔌 Suspensão por ociosidade bloqueada durante a execução
🗓️  Digest de: 24/07/2026

🔍 Verificando bloqueio de IP...
✅ IP liberado — iniciando coleta

📡 [btg]
   📋 [btg] 1 vídeo(s) do dia — IA selecionando...
   ✅ [btg] 🔵 24/07 - Ibovespa recua e EUA confirmam nova tarifa de (23min)
      Motivo IA: O vídeo possui a data correta e o formato de Morning Call, cobrindo o panorama macroeconômico antes da abertura do mercado.
   ✅ OK | 22min | 22,179 chars

📡 [genial]
   📋 [genial] 2 vídeo(s) do dia — IA selecionando...
   ✅ [genial] 🔴 24/07 Bolsas respiram com queda do petróleo e yields  (50min)
      Motivo IA: O vídeo apresenta o panorama macroeconômico do dia antes da abertura do mercado, caracterizando-se como um Morning Call.
   ✅ OK | 49min | 46,072 chars

📡 [investing]
   📋 [investing] 1 vídeo(s) do dia — IA selecionando...
   ✅ [investing] Petróleo ronda os US$ 100 e tensões globais pesam - Mor (50min)
      Motivo IA: O vídeo possui o título explícito de 'Morning Call' e a data correspondente ao dia 24/07/2026.
   ⏳ Transcrição indisponível — aguardando 10min (tentativa 1/3)...
   ⏳ Transcrição indisponível — aguardando 10min (tentativa 2/3)...
   ❌ Erro: 
Could not retrieve a transcript for the video https://www.youtube.com/watch?v=8XGsb0jTutk! This is most likely caused b

📡 [xp]
   📋 [xp] 1 vídeo(s) do dia — IA selecionando...
   ✅ [xp] 🟡 24/07/2026 | 2º dia na EXPERT XP 2026: ECONOMIA e ANÁ (37min)
      Motivo IA: O vídeo possui a data correta e é explicitamente identificado como um Morning Call com foco em economia e análise de mercado.
   ✅ OK | 36min | 33,609 chars

📡 [picpay]
   📋 [picpay] 1 vídeo(s) do dia — IA selecionando...
   ✅ [picpay] #946 Economic Daily: Oil prices surge and put pressure  (6min)
      Motivo IA: O vídeo é um podcast diário de economia (Economic Daily) focado no panorama macroeconômico do dia 24/07/2026.
   ✅ OK | 6min | 5,428 chars

📊 4/5 canais coletados


============================================================
O mercado financeiro desta sexta-feira, 24 de julho de 2026, opera sob forte cautela, com os investidores monitorando a escalada dos conflitos no Oriente Médio e seus impactos inflacionários globais. Ressalta-se que o canal Investing não está disponível hoje devido a um erro técnico na recuperação de sua transcrição. Há consenso entre BTG, Genial, XP e PicPay de que a alta do petróleo, que superou a marca de US$ 100 por barril, deixou de ser um fator de suporte para ativos exportadores e passou a ser vista como um choque global de oferta, pressionando as curvas de juros e dificultando a condução da política monetária pelos bancos centrais.

Segundo o BTG, o cenário internacional é de volatilidade, com o S&P 500 operando em lateralidade e o setor de tecnologia sob pressão após resultados corporativos decepcionantes. A Genial destaca a "toxicidade" dos juros longos americanos, que atingiram patamares elevados, complicando o *valuation* de empresas de crescimento e levando o mercado a buscar refúgio em ativos de fluxo de caixa mais previsível. Enquanto a XP aponta que o mercado brasileiro tem demonstrado resiliência relativa devido à sua pauta de commodities, o PicPay alerta que a assimetria positiva que protegia o Brasil desapareceu, com a curva de juros doméstica reagindo intensamente e reduzindo as apostas de cortes na Selic.

Há divergência pontual sobre a resiliência do Ibovespa: enquanto a XP observa uma configuração técnica que sugere a manutenção de um *bull market* com suporte em médias móveis, o PicPay e o BTG enfatizam que o índice dificilmente permanecerá imune à abertura das taxas de juros globais e ao aumento do prêmio de risco local. O consenso entre os analistas é de que o investidor deve priorizar a liquidez e a cautela, dado que a incerteza fiscal e a proximidade das eleições brasileiras, somadas ao cenário externo belicoso, elevam a volatilidade esperada para as próximas semanas.
============================================================

📈 Buscando preços de mercado...
✅ Email enviado para: bernardo.mrlima0110@gmail.com, tdvuono@gmail.com
[11:04:35] Script finalizado
