[10:30:01] Iniciando Morning Call Digest | python=C:\Users\berbe\AppData\Local\Microsoft\WindowsApps\py.exe
🔌 Suspensão por ociosidade bloqueada durante a execução
🗓️  Digest de: 03/07/2026

🔍 Verificando bloqueio de IP...
✅ IP liberado — iniciando coleta

📡 [btg]
   📋 [btg] 1 vídeo(s) do dia — IA selecionando...
   ✅ [btg] 🔵 03/07 - Semicondutores impulsionam bolsas na Ásia; da (19min)
      Motivo IA: O vídeo possui a data correta, o título indica claramente ser um Morning Call e aborda o panorama macroeconômico do dia.
   ✅ OK | 19min | 16,445 chars

📡 [genial]
   📋 [genial] 2 vídeo(s) do dia — IA selecionando...
   ✅ [genial] 🔴 03/07 NY sobe com chips e dólar tem pior semana | Mor (51min)
      Motivo IA: O vídeo possui o título explícito de 'Morning Call' e aborda o panorama macroeconômico do dia 03/07/2026.
   ✅ OK | 50min | 43,445 chars

📡 [investing]
   📋 [investing] 1 vídeo(s) do dia — IA selecionando...
   ✅ [investing] Feriado nos EUA derruba liquidez nos mercados pós-Payro (48min)
      Motivo IA: O vídeo possui o título explícito de 'Morning Call' e foi publicado na data solicitada, abordando o panorama macroeconômico do dia.
   ⏳ Transcrição indisponível — aguardando 10min (tentativa 1/3)...
   ⏳ Transcrição indisponível — aguardando 10min (tentativa 2/3)...
   ❌ Erro: 
Could not retrieve a transcript for the video https://www.youtube.com/watch?v=PuUFmb0ZMpU! This is most likely caused b

📡 [xp]
   📋 [xp] 1 vídeo(s) do dia — IA selecionando...
   ✅ [xp] 🟡 03/07/2026 | Oportunidades no CRÉDITO PRIVADO e análi (35min)
      Motivo IA: O vídeo possui a data correta, o termo 'Morning Call' no título e aborda o panorama de mercado.
   ✅ OK | 35min | 31,601 chars

📡 [picpay]
   📋 [picpay] 1 vídeo(s) do dia — IA selecionando...
   ✅ [picpay] #932 Economic Daily: Weak Payroll isn't enough to boost (5min)
      Motivo IA: O vídeo é um podcast diário de economia (Economic Daily) focado no panorama macroeconômico do dia 03/07/2026.
   ✅ OK | 5min | 4,405 chars

📊 4/5 canais coletados


============================================================
O mercado financeiro opera com liquidez reduzida nesta sexta-feira, 3 de julho de 2026, devido ao feriado nos Estados Unidos. Ressalta-se que o canal Investing não está disponível para análise técnica nesta data devido a um erro técnico na recuperação de sua transcrição. O cenário global é marcado pelo "day after" do *payroll* americano, que veio abaixo do esperado, gerando um alívio inicial nas apostas de alta de juros pelo Fed, embora o movimento de queda dos rendimentos dos *Treasuries* tenha sido limitado por preocupações fiscais e pela dinâmica de liquidez global.

Há consenso entre BTG, Genial, XP e PicPay de que, apesar do dado de emprego ter sido construtivo para a política monetária, o mercado brasileiro segue pressionado por ruídos domésticos. Segundo o BTG e a Genial, o desafio fiscal para 2027 e a incerteza eleitoral mantêm os investidores cautelosos, com o mercado de renda fixa brasileiro apresentando dificuldades de absorção de títulos prefixados e IPCA+. A XP destaca que, enquanto o cenário externo oferece um fôlego momentâneo, a curva de juros local continua a abrir, refletindo a desconfiança com a sustentabilidade da dívida pública e a necessidade de seletividade no crédito privado.

Divergências pontuais surgem na leitura sobre o dólar e o setor de tecnologia. Enquanto a Genial aponta que o excepcionalismo americano pode estar perdendo força, dificultando novos ganhos do DXY acima de 102 pontos, o PicPay alerta que o câmbio no Brasil tornou-se o principal canal de transmissão da fragilidade política, citando tensões diplomáticas recentes. No setor corporativo, o BTG e a Genial destacam a Natura com novos programas de recompra, enquanto a XP reforça a resiliência de fundos de papel no IFIX e a Genial menciona a cautela com ações de *momentum* e semicondutores, sugerindo uma possível rotação de portfólio para empresas com maior capacidade de monetização.
============================================================

📈 Buscando preços de mercado...
✅ Email enviado para: bernardo.mrlima0110@gmail.com, tdvuono@gmail.com
[11:04:45] Script finalizado
