[10:30:01] Iniciando Morning Call Digest | python=C:\Users\berbe\AppData\Local\Microsoft\WindowsApps\py.exe
🔌 Suspensão por ociosidade bloqueada durante a execução
🗓️  Digest de: 07/08/2026

🔍 Verificando bloqueio de IP...
✅ IP liberado — iniciando coleta

📡 [btg]
   📋 [btg] 1 vídeo(s) do dia — IA selecionando...
   ✅ [btg] 🔵 07/08 - Onde investir em FIIs em agosto; mercados de  (35min)
      Motivo IA: O vídeo possui o título 'Morning Call', foi publicado na data correta e aborda o panorama macroeconômico do dia.
   ✅ OK | 34min | 28,817 chars

📡 [genial]
   📋 [genial] 2 vídeo(s) do dia — IA selecionando...
   ✅ [genial] 🔴 07/08 Futuros sobem com Payroll e Ormuz no radar | Mo (55min)
      Motivo IA: O vídeo possui o título explícito de 'Morning Call' e aborda o panorama macroeconômico do dia 07/08/2026.
   ✅ OK | 55min | 52,191 chars

📡 [investing]
   ⚠️  Ausente: nenhum vídeo publicado em 07/08/2026 (último: 20260805)

📡 [xp]
   📋 [xp] 1 vídeo(s) do dia — IA selecionando...
   ✅ [xp] 🟡 07/08/2026 | LUCRO e DIVIDENDOS da PETROBRAS e ANÁLIS (35min)
      Motivo IA: O vídeo possui a data correta, o termo 'Morning Call' no título e aborda o panorama do mercado.
   ✅ OK | 35min | 31,795 chars

📡 [picpay]
   📋 [picpay] 1 vídeo(s) do dia — IA selecionando...
   ✅ [picpay] #956 Economic Daily: Middle East tensions reignite risk (5min)
      Motivo IA: O vídeo é um podcast diário de economia que analisa o panorama macroeconômico antes da abertura do mercado na data solicitada.
   ✅ OK | 5min | 4,749 chars

📊 4/5 canais coletados


============================================================
O mercado financeiro desta sexta-feira, 7 de agosto de 2026, opera sob forte expectativa pela divulgação do *payroll* nos Estados Unidos, dado que ditará o tom da política monetária do Fed. Ressalta-se que o canal Investing não publicou novos conteúdos nesta data, sendo a última atualização datada de 5 de agosto. Há consenso entre BTG, Genial, XP e PicPay de que o relatório de emprego, com expectativa de criação de 80 mil vagas, será o principal *driver* de volatilidade, com atenção redobrada aos salários médios por hora, que podem pressionar a inflação e reforçar apostas de alta de juros em setembro.

No cenário macroeconômico, as tensões geopolíticas envolvendo o Irã e o estreito de Ormuz permanecem no radar, mantendo o petróleo em patamares elevados e gerando incertezas sobre o fluxo global de energia. Segundo o BTG e a XP, o mercado americano mostra resiliência, impulsionado por uma temporada de resultados corporativos acima das expectativas, embora a Genial destaque uma rotação de ativos com investidores desalavancando posições em tecnologia e inteligência artificial. O PicPay pontua que o real tem sido favorecido pelo *carry trade* e pela alta do petróleo, apesar da cautela imposta pelo cenário eleitoral doméstico.

Quanto aos ativos, a Petrobras é o grande destaque do dia após a divulgação de resultados do segundo trimestre. BTG, Genial e XP concordam que a companhia apresentou números sólidos, com Ebitda e dividendos acima das estimativas, o que deve sustentar um pregão positivo para o papel. Em contrapartida, a XP aponta divergência no setor de varejo, destacando a frustração com as Lojas Renner, que reduziu seu *guidance*, enquanto a Genial e o BTG reforçam a seletividade em fundos imobiliários e empresas de infraestrutura, com o BTG destacando a preferência por galpões logísticos e fundos de crédito como estratégia defensiva.

Os riscos permanecem concentrados na dinâmica de juros globais e na capacidade de reação do Fed frente aos dados de emprego. Enquanto a XP observa uma inclinação do mercado para a possibilidade de alta de juros nos EUA, a Genial alerta para a fragilidade de empresas brasileiras diante do endividamento elevado e da Selic em patamares restritivos. O PicPay reforça que, embora o cenário doméstico apresente deflação no IGP-DI, a volatilidade externa e as incertezas diplomáticas limitam o espaço para uma valorização mais intensa dos ativos brasileiros no curto prazo.
============================================================

📈 Buscando preços de mercado...
✅ Email enviado para: bernardo.mrlima0110@gmail.com, tdvuono@gmail.com
[10:44:50] Script finalizado
