[11:29:29] Iniciando Morning Call Digest | python=C:\Users\berbe\AppData\Local\Microsoft\WindowsApps\py.exe
🔌 Suspensão por ociosidade bloqueada durante a execução
🗓️  Digest de: 06/08/2026

🔍 Verificando bloqueio de IP...
✅ IP liberado — iniciando coleta

📡 [btg]
   📋 [btg] 1 vídeo(s) do dia — IA selecionando...
   ✅ [btg] 🔵 06/08 - Onde investir em Crédito Privado em agosto |  (29min)
      Motivo IA: O vídeo possui a data correta e é explicitamente identificado como um Morning Call de mercado.
   ✅ OK | 29min | 28,640 chars

📡 [genial]
   📋 [genial] 2 vídeo(s) do dia — IA selecionando...
   ✅ [genial] 🔴 06/08 Chips derrubam Nasdaq e petróleo sobe com acord (48min)
      Motivo IA: O vídeo apresenta o panorama macroeconômico do dia antes da abertura do mercado, caracterizando-se como um Morning Call.
   ✅ OK | 47min | 41,948 chars

📡 [investing]
   ⚠️  Ausente: nenhum vídeo publicado em 06/08/2026 (último: 20260805)

📡 [xp]
   📋 [xp] 1 vídeo(s) do dia — IA selecionando...
   ✅ [xp] 🟡 06/08/2026 | SELIC em 14%, PROJEÇÕES XP e bancos no 2 (29min)
      Motivo IA: O vídeo possui a data correta, o título explícito de 'Morning Call' e aborda o panorama macroeconômico do dia.
   ✅ OK | 29min | 24,633 chars

📡 [picpay]
   📋 [picpay] 1 vídeo(s) do dia — IA selecionando...
   ✅ [picpay] #955 Economic Daily: Copom cuts Selic rate, but remains (5min)
      Motivo IA: O vídeo é um podcast diário de economia que aborda o panorama macroeconômico do dia 06/08/2026.
   ✅ OK | 5min | 5,136 chars

📊 4/5 canais coletados


============================================================
O mercado financeiro desta quinta-feira, 6 de agosto de 2026, opera com cautela e sem direção única, refletindo a repercussão da decisão do COPOM e a volatilidade nos mercados globais. Ressalta-se que o canal Investing não publicou vídeos nesta data, sendo o último registro datado de 5 de agosto. Enquanto o BTG e a Genial observam um cenário global misto, com bolsas americanas em máximas históricas impulsionadas por resultados corporativos sólidos, mas pressionadas por incertezas sobre o setor de tecnologia e inteligência artificial, a XP destaca a volatilidade elevada e o comportamento cauteloso dos investidores diante de um ambiente de incertezas macroeconômicas.

Há consenso entre BTG, Genial, XP e PicPay de que a decisão do COPOM de reduzir a Selic para 14% foi amplamente esperada e que o comunicado, embora mais enxuto, manteve um tom cauteloso ao não se comprometer com passos futuros. Segundo o PicPay, a decisão reflete o equilíbrio entre a inflação corrente mais benigna e riscos prospectivos ainda elevados, mantendo o cenário base de uma Selic terminal em 13,50%. A Genial interpreta a comunicação como mais "hawkish" devido à cautela do Banco Central, enquanto a XP destaca que, apesar da postura conservadora, a desaceleração da atividade econômica e a desinflação observadas na margem abrem espaço para que o comitê continue o ciclo de cortes, dependendo da evolução dos dados.

No âmbito dos ativos, o setor financeiro segue em destaque com a temporada de resultados. O BTG e a XP apontam que o Itaú entregou números sólidos, mantendo-se como referência de qualidade, enquanto o Bradesco apresenta uma recuperação operacional consistente, embora ainda exija atenção quanto à qualidade da carteira de crédito. Divergências pontuais surgem na análise de commodities: enquanto o BTG e a XP monitoram o petróleo e os riscos geopolíticos no Oriente Médio, o PicPay destaca que a balança comercial brasileira deve manter um saldo robusto, apesar da pressão sobre o câmbio. Por fim, os canais recomendam monitorar os dados de emprego nos Estados Unidos, especialmente o *jobless claims* divulgado hoje, como termômetro para a política monetária global.
============================================================

📈 Buscando preços de mercado...
✅ Email enviado para: bernardo.mrlima0110@gmail.com, tdvuono@gmail.com
[11:44:39] Script finalizado
