[10:30:02] Iniciando Morning Call Digest | python=C:\Users\berbe\AppData\Local\Microsoft\WindowsApps\py.exe
🔌 Suspensão por ociosidade bloqueada durante a execução
🗓️  Digest de: 26/06/2026

🔍 Verificando bloqueio de IP...
✅ IP liberado — iniciando coleta

📡 [btg]
   📋 [btg] 1 vídeo(s) do dia — IA selecionando...
   ✅ [btg] 🔵 26/06 - Ações de IA impulsionam quedas; Ormuz segue s (22min)
      Motivo IA: O vídeo possui o título 'Morning Call', a data correta e aborda o panorama macroeconômico do dia.
   ✅ OK | 22min | 20,604 chars

📡 [genial]
   📋 [genial] 2 vídeo(s) do dia — IA selecionando...
   ✅ [genial] 🔴 26/06 Petróleo Cede, mas tecnologia derruba bolsas gl (55min)
      Motivo IA: O vídeo apresenta o panorama macroeconômico do dia antes da abertura do mercado, caracterizando-se como um Morning Call.
   ✅ OK | 55min | 49,929 chars

📡 [investing]
   📋 [investing] 1 vídeo(s) do dia — IA selecionando...
   ✅ [investing] Galípolo acalma juros, PF mira Americanas e ataque em O (62min)
      Motivo IA: O vídeo possui o título explícito de 'Morning Call' e a data correspondente ao dia 26/06/2026.
   ⏳ Transcrição indisponível — aguardando 10min (tentativa 1/3)...
   ⏳ Transcrição indisponível — aguardando 10min (tentativa 2/3)...
   ❌ Erro: 
Could not retrieve a transcript for the video https://www.youtube.com/watch?v=zphgoA-xsrg! This is most likely caused b

📡 [xp]
   📋 [xp] 1 vídeo(s) do dia — IA selecionando...
   ✅ [xp] 🟡 26/06/2026 | MERCADOS hoje e tendências da BOLSA pela (34min)
      Motivo IA: O vídeo possui a data correta e o título identifica explicitamente o conteúdo como um Morning Call de mercado.
   ✅ OK | 34min | 31,985 chars

📡 [picpay]
   📋 [picpay] 1 vídeo(s) do dia — IA selecionando...
   ❌ Erro: 503 UNAVAILABLE. {'error': {'code': 503, 'message': 'This model is currently experiencing high demand. Spikes in demand 

📊 3/5 canais coletados


============================================================
Prezado investidor, informamos que as transcrições dos canais Investing e PicPay não estão disponíveis para esta análise devido a erros técnicos e alta demanda, respectivamente. O mercado global nesta sexta-feira, 26 de junho de 2026, reflete um movimento de realização de lucros no setor de tecnologia, com bolsas na Ásia e futuros nos Estados Unidos operando em queda. Segundo o BTG, o índice VIX acima de 20 pontos e a volatilidade em empresas de tecnologia, como a Microsoft e Apple, que anunciaram repasses de custos, explicam o tom negativo. A Genial destaca que a volatilidade na bolsa coreana, com alavancagem elevada, tem servido como um indicador de alerta para o setor de tecnologia global.

Há consenso entre BTG, Genial e XP de que a descompressão do prêmio de risco geopolítico, com o petróleo Brent operando abaixo de 75 dólares, é um fator favorável. Enquanto o BTG aponta que a queda do petróleo reduz a pressão inflacionária e melhora a assimetria para ativos como Petrobras e PetroRio, a Genial ressalta que a diferença entre o preço do petróleo à vista e o futuro praticamente zerou, sinalizando uma normalização da oferta. A XP, por sua vez, observa que, apesar da normalização gradual no Estreito de Ormuz, o choque de oferta já impactou a inflação global, citando o dado de PCI americano em 4,1% como um ponto de atenção para a postura cautelosa do Fed.

No cenário doméstico, a XP destaca que o Ibovespa fechou em alta no último pregão, impulsionado pelo IPCA-15 abaixo do esperado e pelas falas dos diretores do Banco Central, mantendo a projeção de corte de juros em 0,25 p.p. A Genial pontua que os dados de investimento direto no Brasil surpreenderam positivamente, embora o fluxo de estrangeiros tenha registrado saídas recentes. Sobre ativos, o BTG menciona a Eneva como destaque corporativo após anúncio de recompra de ações, enquanto a XP reforça a preferência por fundos imobiliários de papel e aponta cautela técnica com o Bitcoin, que segue em tendência de baixa.

Os riscos permanecem concentrados na política monetária americana e na trajetória da inflação. A Genial enfatiza que o Fed está com o "dedo no gatilho" para subir juros caso a inflação não desacelere, dado que metade do board sinalizou essa possibilidade. A XP corrobora a cautela, indicando que, embora não seja o cenário base, a probabilidade de alta de juros nos EUA não é desprezível. Em relação ao câmbio, a XP avalia que o dólar deve permanecer em patamares próximos a 5,20-5,30 reais, influenciado tanto por ruídos fiscais domésticos quanto pela mudança na narrativa global de juros americanos.
============================================================

📈 Buscando preços de mercado...
✅ Email enviado para: bernardo.mrlima0110@gmail.com, tdvuono@gmail.com
[11:05:14] Script finalizado
