[10:30:01] Iniciando Morning Call Digest | python=C:\Users\berbe\AppData\Local\Microsoft\WindowsApps\py.exe
🔌 Suspensão por ociosidade bloqueada durante a execução
🗓️  Digest de: 01/07/2026

🔍 Verificando bloqueio de IP...
✅ IP liberado — iniciando coleta

📡 [btg]
   📋 [btg] 1 vídeo(s) do dia — IA selecionando...
   ✅ [btg] 🔵 01/07 - Impasse com Irã pesa sobre bolsas no 1º pregã (25min)
      Motivo IA: O vídeo possui o título explícito de Morning Call, data correspondente e aborda o panorama macroeconômico do dia.
   ✅ OK | 24min | 23,258 chars

📡 [genial]
   📋 [genial] 2 vídeo(s) do dia — IA selecionando...
   ✅ [genial] 🔴 01/07 Dólar sobe com Warsh e petróleo cai com Irã | M (45min)
      Motivo IA: O vídeo apresenta o panorama macroeconômico do dia antes da abertura do mercado, caracterizando-se como um Morning Call.
   ✅ OK | 44min | 38,071 chars

📡 [investing]
   📋 [investing] 1 vídeo(s) do dia — IA selecionando...
   ✅ [investing] Expectativa por ADP nos EUA; chips impulsionam Wall Str (44min)
      Motivo IA: O vídeo possui o título explícito de Morning Call e foi publicado na data solicitada, abordando o panorama macroeconômico.
   ⏳ Transcrição indisponível — aguardando 10min (tentativa 1/3)...
   ⏳ Transcrição indisponível — aguardando 10min (tentativa 2/3)...
   ❌ Erro: 
Could not retrieve a transcript for the video https://www.youtube.com/watch?v=knYBm9s1HgE! This is most likely caused b

📡 [xp]
   📋 [xp] 1 vídeo(s) do dia — IA selecionando...
   ✅ [xp] 🟡 01/07/2026 | MERCADOS hoje e destaques da POLÍTICA |  (37min)
      Motivo IA: O vídeo possui a data correta e o título identifica explicitamente o conteúdo como um Morning Call de mercado.
   ✅ OK | 37min | 35,092 chars

📡 [picpay]
   📋 [picpay] 1 vídeo(s) do dia — IA selecionando...
   ✅ [picpay] #930 Economic Daily: Semester ends with Wall Street up  (5min)
      Motivo IA: O vídeo é um podcast diário de economia que cobre o panorama do mercado na data solicitada.
   ✅ OK | 5min | 4,454 chars

📊 4/5 canais coletados


============================================================
O mercado financeiro inicia o segundo semestre de 2026 sob a influência de dados de atividade econômica e expectativas sobre a política monetária global. O canal Investing não está disponível hoje devido a um erro técnico na recuperação de sua transcrição. Segundo o BTG, o cenário macro é marcado pela bateria de dados de atividade nos Estados Unidos, como o ADP e o ISM, enquanto a Genial destaca a continuidade do fortalecimento do dólar e a preocupação com a economia americana aquecida, que sustenta a tese de juros elevados. A XP ressalta que, embora o primeiro semestre tenha sido positivo para as bolsas globais, o Ibovespa encerrou o período com desempenho mais tímido, pressionado por ruídos fiscais e eleitorais.

Há consenso entre BTG, Genial, XP e PicPay de que o mercado de trabalho americano permanece resiliente, o que reforça a postura cautelosa do Federal Reserve. Enquanto a Genial aponta que o mercado já precifica até duas altas de juros nos EUA este ano, o BTG observa que a probabilidade de uma elevação na reunião de setembro é de 67%. Divergências aparecem na leitura do cenário doméstico: a XP e o PicPay notam que o dado do CAGED, ao vir abaixo do esperado, gerou uma expectativa de alívio na curva de juros brasileira, embora o PicPay alerte que o déficit primário de maio veio pior do que a mediana das projeções, mantendo a cautela sobre o fiscal.

No campo dos ativos, o petróleo segue em foco com o BTG e a Genial mencionando o arrefecimento dos preços, com o PicPay destacando que o Brent recuou quase 20% em junho. O ouro, segundo o BTG e a Genial, enfrenta um trimestre de correção devido ao fortalecimento do dólar e aos juros reais mais altos. No Brasil, a XP destaca a aprovação de programas de recompra de ações pela TriSul e a reação positiva à aprovação de novos jatos da Embraer, enquanto o PicPay reforça que a ausência de fluxo estrangeiro e a incerteza eleitoral continuam sendo os principais limitadores para o Ibovespa.

Os riscos para o segundo semestre concentram-se na trajetória fiscal brasileira e na volatilidade política. A XP, através de sua análise política, aponta que o governo busca evitar "pautas-bomba" no Congresso antes do período eleitoral, enquanto monitora a resiliência da candidatura de Flávio Bolsonaro após episódios de desgaste. O BTG e a Genial reforçam que a percepção de risco fiscal brasileiro permanece elevada, com o BTG observando que o mercado de juros longos reflete essa incerteza. O PicPay conclui que o investidor deve manter atenção redobrada aos dados de inflação da zona do euro e aos discursos de dirigentes do Fed, que devem ditar o ritmo dos mercados nas próximas sessões.
============================================================

📈 Buscando preços de mercado...
✅ Email enviado para: bernardo.mrlima0110@gmail.com, tdvuono@gmail.com
[11:04:52] Script finalizado
