[10:30:00] Iniciando Morning Call Digest | python=C:\Users\berbe\AppData\Local\Microsoft\WindowsApps\py.exe
🔌 Suspensão por ociosidade bloqueada durante a execução
🗓️  Digest de: 18/06/2026

🔍 Verificando bloqueio de IP...
✅ IP liberado — iniciando coleta

📡 [btg]
   📋 [btg] 1 vídeo(s) do dia — IA selecionando...
   ✅ [btg] 🔵 18/06 - Fed hawkish e acordo EUA-Irã; Copom pode paus (26min)
      Motivo IA: O vídeo possui a data correta, o título indica claramente ser um Morning Call e aborda o panorama macroeconômico do dia.
   ✅ OK | 25min | 27,974 chars

📡 [genial]
   📋 [genial] 2 vídeo(s) do dia — IA selecionando...
   ✅ [genial] 🔴 18/06 Petróleo derrete com acordo no Irã e futuros di (49min)
      Motivo IA: O vídeo é explicitamente identificado como Morning Call e aborda o panorama macroeconômico do dia 18/06/2026.
   ✅ OK | 49min | 42,682 chars

📡 [investing]
   📋 [investing] 1 vídeo(s) do dia — IA selecionando...
   ✅ [investing] Mercado repercute corte da Selic pelo Copom e memorando (58min)
      Motivo IA: O vídeo possui o título explícito de Morning Call, data correspondente e aborda o panorama macroeconômico do dia.
   ⏳ Transcrição indisponível — aguardando 10min (tentativa 1/3)...
   ⏳ Transcrição indisponível — aguardando 10min (tentativa 2/3)...
   ❌ Erro: 
Could not retrieve a transcript for the video https://www.youtube.com/watch?v=eUsyfUo-rjo! This is most likely caused b

📡 [xp]
   📋 [xp] 1 vídeo(s) do dia — IA selecionando...
   ✅ [xp] 🟡 18/06/2026 | SELIC a 14,25% e JUROS nos EUA: como fic (36min)
      Motivo IA: O vídeo possui a data correta, o termo 'Morning Call' no título e aborda o panorama macroeconômico do dia.
   ✅ OK | 35min | 31,830 chars

📡 [picpay]
   📋 [picpay] 1 vídeo(s) do dia — IA selecionando...
   ✅ [picpay] #921 Diário Econômico: Superquarta pressiona dólar, bol (4min)
      Motivo IA: O vídeo é um Diário Econômico publicado na data solicitada que aborda o panorama macro do mercado.
   ✅ OK | 4min | 4,269 chars

📊 4/5 canais coletados


============================================================
O mercado financeiro iniciou o dia 18 de junho de 2026 sob o impacto da "Super Quarta", marcada por decisões de política monetária nos Estados Unidos e no Brasil. Ressalta-se que o canal Investing não está disponível devido a um erro técnico na recuperação da transcrição. O cenário global foi dominado pela postura mais rígida ("hawkish") do Federal Reserve sob a nova gestão de Kevin Warsh, que sinalizou compromisso firme com a inflação e revisou projeções de juros para cima, gerando aversão ao risco. Em contrapartida, o BTG e a Genial destacam o acordo de paz entre Estados Unidos e Irã como um fator de descompressão para o petróleo, embora a Genial e o PicPay alertem para a volatilidade persistente e o fortalecimento do dólar global (DXY).

Há consenso entre BTG, Genial, XP e PicPay de que o comunicado do COPOM foi complexo e gerou interpretações divergentes. Enquanto o BTG e a XP apontam que o Banco Central brasileiro reconheceu a deterioração do quadro inflacionário e a resiliência da atividade econômica, o PicPay destaca a formalização do risco fiscal como variável explícita na função de reação do comitê. A Genial descreve a decisão como "confusa", mencionando que o BC realizou uma "ginástica" ao estender o horizonte relevante para justificar o corte de 0,25 p.p. na Selic, que levou a taxa a 14,25%. A XP projeta que o espaço para cortes adicionais é limitado, com o cenário base apontando para uma taxa terminal próxima de 14%.

No cenário doméstico, a XP e o PicPay observam que a curva de juros brasileira deve sofrer pressão de abertura nos vértices longos, refletindo tanto o ambiente externo adverso quanto a percepção de que o BC pode estar sendo permissivo diante de expectativas desancoradas. O BTG e a XP recomendam cautela, priorizando estratégias defensivas em setores como utilities e bancos, dado que o ambiente de juros altos por mais tempo penaliza ativos cíclicos. Enquanto a Genial e o PicPay monitoram o risco de rompimento de patamares críticos no câmbio, o mercado aguarda a consolidação dos efeitos do acordo geopolítico e a estabilização das treasuries americanas para definir uma direção mais clara.
============================================================

📈 Buscando preços de mercado...
✅ Email enviado para: bernardo.mrlima0110@gmail.com, tdvuono@gmail.com
[11:04:28] Script finalizado
