[10:30:01] Iniciando Morning Call Digest | python=C:\Users\berbe\AppData\Local\Microsoft\WindowsApps\py.exe
🔌 Suspensão por ociosidade bloqueada durante a execução
🗓️  Digest de: 14/07/2026

🔍 Verificando bloqueio de IP...
✅ IP liberado — iniciando coleta

📡 [btg]
   📋 [btg] 1 vídeo(s) do dia — IA selecionando...
   ✅ [btg] 🔵 14/07 - Tensão EUA-Irã derruba IBOV e impulsiona dóla (22min)
      Motivo IA: O vídeo possui o título 'Morning Call', a data correta e aborda o panorama macroeconômico do dia.
   ✅ OK | 21min | 21,034 chars

📡 [genial]
   📋 [genial] 2 vídeo(s) do dia — IA selecionando...
   ✅ [genial] 🔴 14/07 Brent dispara com tensão em Ormuz | CPI e Warsh (48min)
      Motivo IA: O vídeo apresenta o panorama macroeconômico do dia com foco em indicadores e eventos globais, caracterizando um Morning Call.
   ✅ OK | 47min | 40,912 chars

📡 [investing]
   📋 [investing] 1 vídeo(s) do dia — IA selecionando...
   ✅ [investing] 🔴 AO VIVO: CPI dos EUA, tensão global e disparada do pe (47min)
      Motivo IA: O vídeo possui o título explícito de Morning Call e foi publicado na data solicitada, abordando o panorama macroeconômico.
   ⏳ Transcrição indisponível — aguardando 10min (tentativa 1/3)...
   ⏳ Transcrição indisponível — aguardando 10min (tentativa 2/3)...
   ❌ Erro: 
Could not retrieve a transcript for the video https://www.youtube.com/watch?v=FGf-xZK5ohc! This is most likely caused b

📡 [xp]
   📋 [xp] 1 vídeo(s) do dia — IA selecionando...
   ✅ [xp] 🟡 14/07/2026 | Temporada de RESULTADOS nos EUA: o que e (36min)
      Motivo IA: O vídeo possui a data correta e o formato de Morning Call, abordando o panorama macroeconômico antes da abertura do mercado.
   ✅ OK | 35min | 32,175 chars

📡 [picpay]
   📋 [picpay] 1 vídeo(s) do dia — IA selecionando...
   ✅ [picpay] #938 Economic Daily: Strait of Hormuz crisis puts press (4min)
      Motivo IA: O vídeo é um podcast diário de economia (Economic Daily) focado no panorama macroeconômico do dia 14/07/2026.
   ✅ OK | 4min | 4,101 chars

📊 4/5 canais coletados


============================================================
O mercado financeiro desta terça-feira, 14 de julho de 2026, opera sob forte tensão geopolítica e cautela macroeconômica, com os canais BTG, Genial, XP e PicPay destacando a escalada do conflito entre Estados Unidos e Irã como o principal vetor de volatilidade. O canal Investing não pôde ser incluído neste resumo devido a um erro técnico na recuperação de sua transcrição. Há consenso entre BTG, Genial, XP e PicPay de que o anúncio de Donald Trump sobre o controle do Estreito de Ormuz e a imposição de uma taxa de 20% sobre cargueiros elevaram o risco de um choque inflacionário persistente, pressionando os preços do petróleo e revertendo o otimismo recente dos investidores.

Segundo o BTG e a XP, o cenário é de aversão ao risco, com o mercado monitorando de perto o CPI americano, que será divulgado às 9h30. A Genial destaca que as falas do diretor do Fed, Christopher Waller, elevaram a preocupação com a possibilidade de novas altas de juros ainda este ano, caso o núcleo da inflação venha acima do esperado. Enquanto o BTG aponta que o mercado já precifica maior probabilidade de altas nas próximas reuniões do Fed, o PicPay ressalta que o risco de erro de cálculo geopolítico aumentou, tornando a resolução do conflito menos provável no curto prazo.

No âmbito corporativo e de ativos, a XP e a Genial observam uma temporada de balanços nos EUA que, embora apresente resultados sólidos, enfrenta uma barra de expectativas muito elevada, o que tem gerado reações voláteis, como visto na queda acentuada das ações da IBM. O BTG e o PicPay reforçam que, no Brasil, o Ibovespa segue pressionado pela abertura da curva de juros e pela incerteza fiscal, apesar do suporte pontual que as petroleiras recebem com a alta do barril. Há divergência sobre o fluxo estrangeiro: enquanto o BTG e a Genial veem o interesse externo como consequência do cenário global e da atratividade técnica da bolsa, a XP pondera que o foco do investidor tem sido predominantemente em tecnologia e inteligência artificial, relegando o mercado brasileiro a um segundo plano.
============================================================

📈 Buscando preços de mercado...
✅ Email enviado para: bernardo.mrlima0110@gmail.com, tdvuono@gmail.com
[11:04:52] Script finalizado
