[16:05:39] Iniciando Morning Call Digest | python=C:\Users\berbe\AppData\Local\Microsoft\WindowsApps\py.exe
🔌 Suspensão por ociosidade bloqueada durante a execução
🗓️  Digest de: 10/07/2026

🔍 Verificando bloqueio de IP...
✅ IP liberado — iniciando coleta

📡 [btg]
   ⚠️  Ausente: canal inacessível ou sem vídeos

📡 [genial]
   📋 [genial] 3 vídeo(s) do dia — IA selecionando...
   ✅ [genial] 🔴 10/07 Inflação desacelera; mercado aposta em queda da (28min)
      Motivo IA: O vídeo apresenta um resumo macroeconômico matinal focado no panorama do dia, caracterizando-se como um Morning Call.
   ✅ OK | 27min | 25,028 chars

📡 [investing]
   📋 [investing] 1 vídeo(s) do dia — IA selecionando...
   ✅ [investing] Bolsas reagem com trégua no exterior antes de IPCA - Mo (45min)
      Motivo IA: O vídeo possui o título explícito de Morning Call e corresponde exatamente à data solicitada de 10/07/2026.
   ⏳ Transcrição indisponível — aguardando 10min (tentativa 1/3)...
   ⏳ Transcrição indisponível — aguardando 10min (tentativa 2/3)...
   ❌ Erro: 
Could not retrieve a transcript for the video https://www.youtube.com/watch?v=kkogiC8A_hQ! This is most likely caused b

📡 [xp]
   📋 [xp] 1 vídeo(s) do dia — IA selecionando...
   ✅ [xp] 🟡 10/07/2026 | ANÁLISE TÉCNICA e ONDE INVESTIR agora |  (31min)
      Motivo IA: O vídeo possui a data correta e o termo 'Morning Call' no título, indicando o panorama de mercado matinal.
   ✅ OK | 31min | 29,518 chars

📡 [picpay]
   📋 [picpay] 1 vídeo(s) do dia — IA selecionando...
   ✅ [picpay] #936 Daily Economic Brief: Oil prices drop and Ibovespa (5min)
      Motivo IA: O vídeo é um resumo econômico diário publicado na data solicitada, enquadrando-se no formato de Morning Call.
   ✅ OK | 5min | 4,568 chars

📊 3/5 canais coletados


============================================================
Prezado investidor, informo que não foi possível incluir análises do BTG e do Investing neste resumo, visto que o canal do BTG encontra-se inacessível e o Investing apresentou erro técnico na recuperação da transcrição. O mercado financeiro de 10/07/2026 reflete um otimismo generalizado, impulsionado pela redução das tensões geopolíticas no Oriente Médio e pela expectativa de desaceleração econômica global. Segundo a Genial, há um consenso de que a política monetária está surtindo efeito, com indicadores de atividade econômica em queda, o que abre espaço para o debate sobre cortes de juros. A XP destaca que o alívio na aversão ao risco global, somado à queda dos juros das *treasuries*, favoreceu o fechamento das curvas de juros domésticas e o desempenho positivo do Ibovespa.

O cenário macroeconômico é dominado pela expectativa em torno da divulgação do IPCA de junho. A Genial ressalta que o índice veio abaixo das expectativas, com núcleos e difusão em queda, reforçando a tese de desaceleração. O PicPay corrobora essa visão, pontuando que um resultado benigno para o IPCA fornecerá ao COPOM o argumento necessário para cortes de juros em agosto. Enquanto a Genial aponta para uma possível rotação de ativos em favor da "velha economia", a XP recomenda cautela com movimentos abruptos, sugerindo a manutenção de portfólios diversificados com foco em renda fixa pós-fixada e títulos de inflação para proteção.

Quanto aos ativos em destaque, o Ibovespa tem performado com resiliência, impulsionado pelo setor financeiro e por empresas cíclicas, como a Magazine Luiza, citada pela XP e pelo PicPay. Em contrapartida, a XP observa que as petroleiras, incluindo a Petrobras, recuaram devido à queda do preço do petróleo e à manutenção de impostos sobre exportação. No mercado de câmbio, o dólar apresentou queda frente ao real, com o PicPay projetando que o dado de inflação pode ditar o rumo da moeda para o restante do dia. O PicPay também mencionou a participação do ex-presidente do Banco Central, Armínio Fraga, em uma força-tarefa do Fed para revisão de política monetária, um evento de relevância global.

Os riscos permanecem atrelados à volatilidade geopolítica e ao comportamento das *commodities*. A Genial alerta que, embora o cenário atual seja favorável, uma eventual alta do petróleo para patamares de US$ 90 invalidaria a tese de alívio inflacionário. Há divergência pontual sobre o futuro imediato: enquanto a Genial vislumbra um "short squeeze" e um possível novo patamar para o Ibovespa, a XP enfatiza a necessidade de evitar o "efeito zigue-zague" das narrativas de mercado, mantendo o foco em objetivos de longo prazo em vez de tentar antecipar movimentos de curtíssimo prazo.
============================================================

📈 Buscando preços de mercado...
✅ Email enviado para: bernardo.mrlima0110@gmail.com, tdvuono@gmail.com
[16:37:54] Script finalizado
