[10:30:01] Iniciando Morning Call Digest | python=C:\Users\berbe\AppData\Local\Microsoft\WindowsApps\py.exe
🔌 Suspensão por ociosidade bloqueada durante a execução
🗓️  Digest de: 20/07/2026

🔍 Verificando bloqueio de IP...
✅ IP liberado — iniciando coleta

📡 [btg]
   📋 [btg] 1 vídeo(s) do dia — IA selecionando...
   ✅ [btg] 🔵 20/07 - Mercados operam mistos com escalada no Irã e  (25min)
      Motivo IA: O vídeo possui a data correta e o formato de Morning Call com análise macroeconômica antes da abertura do mercado.
   ✅ OK | 25min | 23,081 chars

📡 [genial]
   📋 [genial] 2 vídeo(s) do dia — IA selecionando...
   ✅ [genial] 🔴 20/07 Petróleo recua com mediação no Irã | Chips resp (44min)
      Motivo IA: O vídeo apresenta um panorama macroeconômico do dia com o termo 'Morning Call' explícito no título.
   ✅ OK | 44min | 40,026 chars

📡 [investing]
   📋 [investing] 1 vídeo(s) do dia — IA selecionando...
   ✅ [investing] Fechamento do Estreito de Ormuz pressiona petróleo; Foc (38min)
      Motivo IA: O vídeo possui o título explícito de Morning Call e foi publicado na data solicitada, abordando o panorama macroeconômico.
   ⏳ Transcrição indisponível — aguardando 10min (tentativa 1/3)...
   ⏳ Transcrição indisponível — aguardando 10min (tentativa 2/3)...
   ❌ Erro: 
Could not retrieve a transcript for the video https://www.youtube.com/watch?v=Fm_Y844ACt0! This is most likely caused b

📡 [xp]
   📋 [xp] 1 vídeo(s) do dia — IA selecionando...
   ✅ [xp] 🟡 20/07/2026 | BOLSAS hoje e economia americana | Morni (36min)
      Motivo IA: O vídeo possui a data correta, o título explícito de Morning Call e aborda o panorama macroeconômico do dia.
   ✅ OK | 35min | 31,227 chars

📡 [picpay]
   📋 [picpay] 1 vídeo(s) do dia — IA selecionando...
   ✅ [picpay] #942 Economic Daily: Middle East war closes Strait of H (5min)
      Motivo IA: O vídeo é um podcast diário de economia que analisa o panorama macroeconômico global na data solicitada.
   ✅ OK | 5min | 4,880 chars

📊 4/5 canais coletados


============================================================
Os mercados globais iniciam a semana em um clima de recuperação, buscando reverter as perdas da semana anterior, com destaque para a valorização dos futuros de Nova York e a estabilização das bolsas europeias. Segundo o BTG, o cenário é de cautela devido à escalada do conflito entre Estados Unidos e Irã, que mantém o petróleo em foco, embora a Genial e a XP apontem para tentativas diplomáticas de cessar-fogo que trouxeram um leve alívio aos preços da commodity. Vale ressaltar que o canal Investing não está disponível hoje devido a um erro técnico na recuperação de sua transcrição.

Há consenso entre BTG, Genial, XP e PicPay de que a temporada de balanços nos Estados Unidos, com foco em empresas de tecnologia como Alphabet e Tesla, será o principal driver para definir se a correção recente no setor de semicondutores é um ajuste sazonal ou uma mudança estrutural. Enquanto a XP destaca a resiliência dos lucros corporativos e a importância da inteligência artificial, o PicPay observa que a percepção de que os investimentos em IA podem não sustentar o ritmo de retorno esperado tem pesado sobre as avaliações. A Genial reforça que o debate sobre a remuneração do enorme CAPEX das *Big Techs* permanece como a narrativa central do mercado.

No cenário doméstico, o Ibovespa opera em um ambiente de lateralização, com o BTG e o PicPay destacando que a alta do petróleo tem beneficiado ações da Petrobras, ajudando a conter quedas mais expressivas. Contudo, a Genial e a XP alertam para a pressão sobre a curva de juros futuros, impulsionada pelo temor de que o petróleo mais caro traga riscos inflacionários adicionais e reduza o espaço para cortes na Selic. O PicPay ressalta que o Brasil, como exportador líquido de commodities, tem mantido o dólar em um canal contido, equilibrando o *carry trade* elevado com a cautela geopolítica.

Quanto aos riscos, os canais convergem ao apontar o cenário fiscal brasileiro e as incertezas políticas como fatores de atenção. A Genial e o BTG mencionam que o início das convenções partidárias e o noticiário sobre o arcabouço fiscal adicionam volatilidade, enquanto a XP destaca que, apesar das incertezas, o fluxo de investidores estrangeiros permanece positivo. O consenso entre os analistas é de que a seletividade e a análise granular dos balanços serão fundamentais para a tomada de decisão de investimento neste momento de maior cautela.
============================================================

📈 Buscando preços de mercado...
✅ Email enviado para: bernardo.mrlima0110@gmail.com, tdvuono@gmail.com
[11:04:34] Script finalizado
