[10:30:01] Iniciando Morning Call Digest | python=C:\Users\berbe\AppData\Local\Microsoft\WindowsApps\py.exe
🔌 Suspensão por ociosidade bloqueada durante a execução
🗓️  Digest de: 02/07/2026

🔍 Verificando bloqueio de IP...
✅ IP liberado — iniciando coleta

📡 [btg]
   📋 [btg] 1 vídeo(s) do dia — IA selecionando...
   ✅ [btg] 🔵 02/07 - Negociações EUA-Irã avançam e petróleo cai ma (24min)
      Motivo IA: O vídeo possui o título explícito de Morning Call, data correspondente e formato de análise macroeconômica matinal.
   ✅ OK | 24min | 23,407 chars

📡 [genial]
   📋 [genial] 2 vídeo(s) do dia — IA selecionando...
   ✅ [genial] 🔴 02/07/26 Dólar cai pré-payroll | Tech e petróleo recu (48min)
      Motivo IA: O vídeo apresenta um panorama macroeconômico do dia antes da abertura do mercado, caracterizando-se como um Morning Call.
   ✅ OK | 47min | 41,958 chars

📡 [investing]
   📋 [investing] 1 vídeo(s) do dia — IA selecionando...
   ✅ [investing] Payroll domina agenda hoje após ações de chips derrubar (55min)
      Motivo IA: O vídeo possui o título explícito de Morning Call e aborda o panorama macroeconômico do dia 02/07/2026.
   ⏳ Transcrição indisponível — aguardando 10min (tentativa 1/3)...
   ⏳ Transcrição indisponível — aguardando 10min (tentativa 2/3)...
   ❌ Erro: 
Could not retrieve a transcript for the video https://www.youtube.com/watch?v=d9D1_UvUQMg! This is most likely caused b

📡 [xp]
   📋 [xp] 1 vídeo(s) do dia — IA selecionando...
   ✅ [xp] 🟡 02/07/2026 | Melhores AÇÕES para investir e o que esp (31min)
      Motivo IA: O vídeo possui a data correta e o título identifica explicitamente o conteúdo como um Morning Call de mercado.
   ✅ OK | 31min | 28,708 chars

📡 [picpay]
   📋 [picpay] 1 vídeo(s) do dia — IA selecionando...
   ✅ [picpay] #931 Economic Daily: Fiscal risk returns and futures ra (5min)
      Motivo IA: O vídeo é um podcast diário de economia (Economic Daily) focado no panorama macroeconômico do dia 02/07/2026.
   ✅ OK | 5min | 4,643 chars

📊 4/5 canais coletados


============================================================
O mercado financeiro opera em compasso de espera nesta quinta-feira, 2 de julho de 2026, aguardando a divulgação do *payroll* nos Estados Unidos, antecipado devido ao feriado de 4 de julho. Informamos que o canal Investing não está disponível hoje devido a um erro técnico na recuperação da transcrição. O cenário global é marcado por uma realização de lucros no setor de tecnologia, com destaque para a queda expressiva de empresas de semicondutores e memória, como a Micron, Samsung e SK Hynix, que pressionaram os índices asiáticos e americanos. Segundo o BTG, a queda na Coreia do Sul reflete a alta concentração do índice nessas empresas, enquanto a Genial e a XP observam uma possível rotação de portfólio, com investidores migrando de teses de escassez em IA para outros segmentos.

Há consenso entre BTG, Genial, XP e PicPay de que o *payroll* será o divisor de águas para a política monetária do Federal Reserve. Enquanto o BTG destaca a expectativa de uma média móvel de criação de vagas mais baixa, a Genial e o PicPay ressaltam que dados de mercado de trabalho americanos, embora sinalizem desaceleração, não indicam deterioração, mantendo a dúvida sobre a necessidade de novas altas de juros. Paralelamente, o petróleo segue em trajetória de queda, com o Brent próximo aos 70 dólares, movimento atribuído pelo BTG e pela Genial ao fim do prêmio de risco geopolítico e à expectativa de aumento de oferta.

No cenário doméstico, o mercado brasileiro enfrenta um ambiente de maior cautela. A XP e o PicPay destacam que o retorno do risco fiscal e de ruídos políticos, incluindo sanções americanas relacionadas a organizações criminosas, pressionou a curva de juros e o câmbio. Segundo a XP, o Ibovespa, apesar de ter tido um primeiro semestre positivo, sofre com a transição para um regime de inflação e juros em alta. Divergindo levemente na análise de oportunidade, o BTG aponta que, com o petróleo em níveis de acomodação, papéis como Petrobras e Prio apresentam *yields* atrativos para reentrada, enquanto a Genial e a XP enfatizam que a bolsa brasileira permanece descontada, mas que a volatilidade eleitoral deve persistir até outubro.
============================================================

📈 Buscando preços de mercado...
✅ Email enviado para: bernardo.mrlima0110@gmail.com, tdvuono@gmail.com
[11:05:27] Script finalizado
