[10:30:00] Iniciando Morning Call Digest | python=C:\Users\berbe\AppData\Local\Microsoft\WindowsApps\py.exe
🔌 Suspensão por ociosidade bloqueada durante a execução
🗓️  Digest de: 06/07/2026

🔍 Verificando bloqueio de IP...
✅ IP liberado — iniciando coleta

📡 [btg]
   📋 [btg] 1 vídeo(s) do dia — IA selecionando...
   ✅ [btg] 🔵 06/07 - Negociações para fim da guerra na Ucrânia gan (25min)
      Motivo IA: O vídeo possui o título 'Morning Call', a data correta e aborda o panorama macroeconômico e geopolítico do dia.
   ✅ OK | 24min | 20,712 chars

📡 [genial]
   📋 [genial] 2 vídeo(s) do dia — IA selecionando...
   ✅ [genial] 🔴 06/07 Futuros sobem com rali de techs e petróleo está (55min)
      Motivo IA: O vídeo possui o título 'Morning Call' e aborda o panorama macroeconômico do dia 06/07/2026.
   ⏳ Transcrição indisponível — aguardando 10min (tentativa 1/3)...
   ✅ OK | 54min | 47,786 chars

📡 [investing]
   📋 [investing] 1 vídeo(s) do dia — IA selecionando...
   ✅ [investing] Audiência do USTR contra Brasil começa pré-PMIs nos EUA (44min)
      Motivo IA: O vídeo possui o termo 'Morning Call' no título, foi publicado na data correta e aborda o panorama macroeconômico do dia.
   ⏳ Transcrição indisponível — aguardando 10min (tentativa 1/3)...
   ⏳ Transcrição indisponível — aguardando 10min (tentativa 2/3)...
   ❌ Erro: 
Could not retrieve a transcript for the video https://www.youtube.com/watch?v=Z33aVKmlLaU! This is most likely caused b

📡 [xp]
   📋 [xp] 1 vídeo(s) do dia — IA selecionando...
   ✅ [xp] 🟡 06/07/2026 | Novo preço-alvo para BANCO DO BRASIL (BB (35min)
      Motivo IA: O vídeo possui a data correta, o termo 'Morning Call' no título e aborda o panorama macroeconômico global.
   ✅ OK | 35min | 31,567 chars

📡 [picpay]
   📋 [picpay] 1 vídeo(s) do dia — IA selecionando...
   ✅ [picpay] #933 Economic Daily: Ibovespa returns to 174k on bets f (5min)
      Motivo IA: O vídeo é um podcast diário de economia (Economic Daily) que aborda o panorama macro do mercado na data solicitada.
   ✅ OK | 5min | 4,528 chars

📊 4/5 canais coletados


============================================================
Prezado investidor, informamos que o canal Investing não está disponível hoje devido a um erro técnico na recuperação da transcrição. O cenário macroeconômico desta segunda-feira, 6 de julho de 2026, é marcado por uma expectativa de cautela e monitoramento de dados, com o mercado global atento à ata do FOMC e ao ISM de serviços nos Estados Unidos. Enquanto o BTG destaca a resiliência da atividade americana e a postura mais dura do Fed sob a gestão de Kevin Warsh, a Genial aponta para uma possível rotação de portfólio, saindo de semicondutores e tecnologia em direção a outros setores, movimento que será testado com os balanços da Samsung e a entrada da SpaceX no índice Nasdaq.

No Brasil, há consenso entre BTG, Genial, XP e PicPay de que os dados recentes de atividade, especialmente a produção industrial abaixo do esperado, trouxeram um alívio pontual na curva de juros e renovaram as apostas de cortes na Selic. O PicPay e a XP ressaltam que o IPCA de junho, a ser divulgado na sexta-feira, será o fiel da balança para a ancoragem das expectativas e a confirmação do afrouxamento monetário em agosto. Paralelamente, a XP e o BTG alertam que a inclinação da curva longa permanece pressionada por incertezas fiscais e pelo cenário eleitoral, com o BTG destacando o início do defeso eleitoral e a limitação de novas medidas governamentais.

Um ponto de divergência e atenção especial reside na gestão da dívida pública. A Genial enfatiza o risco de dominância fiscal e a dificuldade do Tesouro em encontrar compradores para títulos IPCA+, sugerindo que a estratégia de alongamento da dívida tem custado caro e pode forçar o governo a recorrer ao Tesouro Selic, o que seria um perfil de dívida menos favorável. Em contrapartida, o PicPay destaca a sinalização do secretário Rogério Seron sobre a disposição do Tesouro em realizar recompras de títulos, medida vista pelo mercado como uma tentativa de reduzir riscos de disfuncionalidade no mercado de NTNBs.

Por fim, no campo corporativo, os canais destacam a OPA da Helbor pela HBR e o interesse da Ultrapar na Ipiranga. A XP rebaixou o Banco do Brasil para recomendação neutra, citando a deterioração do crédito rural e a pressão sobre as margens, enquanto o BTG e a Genial monitoram o impacto da queda do petróleo, que, apesar da confirmação de aumento de produção pela OPEP+, segue sendo um fator de volatilidade para as expectativas inflacionárias globais e domésticas.
============================================================

📈 Buscando preços de mercado...
✅ Email enviado para: bernardo.mrlima0110@gmail.com, tdvuono@gmail.com
[11:14:34] Script finalizado
