[10:30:01] Iniciando Morning Call Digest | python=C:\Users\berbe\AppData\Local\Microsoft\WindowsApps\py.exe
🔌 Suspensão por ociosidade bloqueada durante a execução
🗓️  Digest de: 29/06/2026

🔍 Verificando bloqueio de IP...
✅ IP liberado — iniciando coleta

📡 [btg]
   📋 [btg] 1 vídeo(s) do dia — IA selecionando...
   ✅ [btg] 🔵 29/06 - Trégua EUA-Irã alivia futuros; incertezas sob (17min)
      Motivo IA: O vídeo possui a data correta, duração típica de um resumo matinal e o título identifica explicitamente como um Morning Call.
   ⏳ Transcrição indisponível — aguardando 10min (tentativa 1/3)...
   ✅ OK | 17min | 16,603 chars

📡 [genial]
   📋 [genial] 2 vídeo(s) do dia — IA selecionando...
   ✅ [genial] 🔴 29/06 Acordo EUA-Irã alivia petróleo e IA puxa futuro (46min)
      Motivo IA: O vídeo apresenta o panorama macroeconômico do dia com o título explícito de Morning Call.
   ✅ OK | 44min | 38,815 chars

📡 [investing]
   📋 [investing] 1 vídeo(s) do dia — IA selecionando...
   ✅ [investing] Mercado aguarda IGP-M, Focus e atividade em semana de P (59min)
      Motivo IA: O vídeo possui o título explícito de Morning Call e foi publicado na data solicitada, abordando o panorama macroeconômico do dia.
   ⏳ Transcrição indisponível — aguardando 10min (tentativa 1/3)...
   ⏳ Transcrição indisponível — aguardando 10min (tentativa 2/3)...
   ❌ Erro: 
Could not retrieve a transcript for the video https://www.youtube.com/watch?v=dFDPKqsqDhY! This is most likely caused b

📡 [xp]
   📋 [xp] 1 vídeo(s) do dia — IA selecionando...
   ✅ [xp] 🟡 29/06/2026 | TRÉGUA entre EUA e Irã, empresas de IA e (27min)
      Motivo IA: O vídeo possui a data correta, o título explícito de Morning Call e aborda o panorama macroeconômico global.
   ✅ OK | 27min | 23,956 chars

📡 [picpay]
   📋 [picpay] 1 vídeo(s) do dia — IA selecionando...
   ✅ [picpay] #928 Economic Daily: Oil prices plummet 10%, easing glo (5min)
      Motivo IA: O vídeo é um podcast diário de economia que aborda o panorama macroeconômico do dia 29/06/2026.
   ✅ OK | 5min | 4,756 chars

📊 4/5 canais coletados


============================================================
Prezado investidor, informamos que o canal Investing não está disponível hoje devido a um erro técnico na recuperação de sua transcrição. O mercado inicia a semana com um viés de recuperação e propensão ao risco, apesar de novos relatos de conflitos no Oriente Médio durante o final de semana. Segundo o BTG, a despeito das tensões, o mercado tem reagido de forma módica, priorizando a normalização gradual do fluxo no Estreito de Ormus. A XP e o PicPay destacam que o petróleo, após recuar cerca de 10% na semana anterior, estabilizou-se próximo aos US$ 72, o que contribuiu para o alívio nas curvas de juros globais e locais.

Há consenso entre BTG, Genial, XP e PicPay de que a semana será marcada pela expectativa em torno dos dados de emprego nos Estados Unidos, com destaque para o *payroll* na quinta-feira, antecipado devido ao feriado de 4 de julho. Enquanto a Genial aponta que o mercado debate se o Federal Reserve será forçado a elevar os juros uma ou duas vezes este ano, dada a resiliência da economia americana, a XP ressalta que a inflação de serviços e pressões de custos em *hardware* permanecem no radar como fatores de persistência inflacionária. O PicPay reforça que a leitura de que o choque geopolítico está sendo absorvido pode ser testada a qualquer momento, mantendo a cautela sobre a durabilidade dos acordos de cessar-fogo.

No cenário doméstico, a Genial e o BTG observam uma desancoragem das expectativas de inflação no Boletim Focus, com o mercado elevando a projeção da Selic terminal para 2028. Contudo, a XP e o PicPay destacam que o Ibovespa encerrou a semana passada com desempenho positivo, impulsionado pelo IPCA-15 abaixo das expectativas e pela comunicação do Banco Central, que, embora evite *guidance* explícito, mantém a possibilidade de novos cortes de juros sobre a mesa. O PicPay alerta que o resultado fiscal de maio, com expectativa de déficit primário próximo a R$ 47 bilhões, será um ponto de atenção relevante para a trajetória dos ativos locais nesta semana.
============================================================

📈 Buscando preços de mercado...
✅ Email enviado para: bernardo.mrlima0110@gmail.com, tdvuono@gmail.com
[12:22:06] Script finalizado
