[11:22:38] Iniciando Morning Call Digest | python=C:\Users\berbe\AppData\Local\Microsoft\WindowsApps\py.exe
🔌 Suspensão por ociosidade bloqueada durante a execução
🗓️  Digest de: 09/07/2026

🔍 Verificando bloqueio de IP...
✅ IP liberado — iniciando coleta

📡 [btg]
   📋 [btg] 1 vídeo(s) do dia — IA selecionando...
   ✅ [btg] 🔵  09/07 – Onde investir em fundos e FIIs no 2° semestr (21min)
      Motivo IA: O vídeo é um Morning Call oficial do dia 09/07/2026, focado no panorama de mercado.
   ✅ OK | 21min | 19,787 chars

📡 [genial]
   📋 [genial] 2 vídeo(s) do dia — IA selecionando...
   ✅ [genial] 🔴 09/07 Futuros reagem com chips em alta e petróleo est (41min)
      Motivo IA: O vídeo possui o título explícito de Morning Call e aborda o panorama macroeconômico do dia 09/07/2026.
   ✅ OK | 41min | 35,776 chars

📡 [investing]
   📋 [investing] 1 vídeo(s) do dia — IA selecionando...
   ✅ [investing] Petróleo dispara com falas de Trump e novos ataques ao  (46min)
      Motivo IA: O vídeo possui o título explícito de Morning Call e foi publicado na data solicitada, abordando o panorama macroeconômico.
   ⏳ Transcrição indisponível — aguardando 10min (tentativa 1/3)...
   ⏳ Transcrição indisponível — aguardando 10min (tentativa 2/3)...
   ❌ Erro: 
Could not retrieve a transcript for the video https://www.youtube.com/watch?v=miUgf0F6v5k! This is most likely caused b

📡 [xp]
   📋 [xp] 1 vídeo(s) do dia — IA selecionando...
   ✅ [xp] 🟡 09/07/2026 | TENSÃO no Oriente Médio e FUNDOS CETIPAD (38min)
      Motivo IA: O vídeo possui a data correta, o termo 'Morning Call' no título e aborda o panorama macroeconômico do dia.
   ✅ OK | 38min | 34,272 chars

📡 [picpay]
   ⚠️  Ausente: nenhum vídeo publicado em 09/07/2026 (último: 20260708)

📊 3/5 canais coletados


============================================================
Os canais Investing e PicPay não possuem conteúdo disponível para o dia 09/07/2026, sendo que o primeiro apresentou erro técnico e o segundo não publicou vídeos na data. O cenário macroeconômico global é marcado pela cautela e aversão ao risco, impulsionadas pela escalada do conflito geopolítico entre Estados Unidos e Irã. Segundo o BTG, a recuperação marginal dos mercados globais ocorre a reboque da volatilidade do petróleo, enquanto a Genial destaca que o mercado de renda fixa tem sido o principal "pagador da conta" desse estresse, com juros longos em patamares elevados e tóxicos. A XP reforça que a pauta geopolítica retomou o protagonismo, pressionando os ativos de risco e elevando a curva de juros, com o título soberano de 30 anos dos EUA superando a barreira psicológica de 5%.

Há consenso entre BTG, Genial e XP de que o cenário de juros altos e incerteza fiscal exige cautela e diversificação. O BTG aponta oportunidades em fundos imobiliários e de infraestrutura com foco em crédito (IPCA+), destacando a resiliência de setores como galpões logísticos. A Genial, por sua vez, observa um movimento de rotação de capital de volta para as *big techs* e semicondutores, apesar da lateralização do Ibovespa, e alerta para a fragilidade do financiamento público brasileiro via Tesouro Selic. A XP complementa a análise abordando a indústria de fundos "setipados" e de balcão, que oferecem menor volatilidade e maior previsibilidade para investidores conservadores em comparação aos fundos listados em bolsa.

Em relação aos ativos em destaque, a XP menciona a queda da AstraZeneca na Europa após resultados clínicos negativos e a resiliência de empresas de tecnologia, enquanto a Genial aponta o rebaixamento de *rating* da Cosan pela S&P e a crise institucional envolvendo a Vale como pontos de atenção no mercado corporativo brasileiro. Divergências pontuais surgem na leitura sobre o futuro do dólar e das *commodities*: enquanto a Genial mantém esperança na tese de dólar fraco abaixo de 102 pontos no DXY, a XP reforça que, pelos modelos estruturais, o câmbio brasileiro permanece pressionado. O risco central permanece sendo a inflação e a sustentabilidade das dívidas públicas globais, com os analistas recomendando o acompanhamento rigoroso das carteiras recomendadas para o segundo semestre.
============================================================

📈 Buscando preços de mercado...
✅ Email enviado para: bernardo.mrlima0110@gmail.com, tdvuono@gmail.com
[11:57:29] Script finalizado
