[18:55:34] Iniciando Morning Call Digest | python=C:\Users\berbe\AppData\Local\Microsoft\WindowsApps\py.exe
🔌 Suspensão por ociosidade bloqueada durante a execução
🗓️  Digest de: 30/07/2026

🔍 Verificando bloqueio de IP...
✅ IP liberado — iniciando coleta

📡 [btg]
   📋 [btg] 1 vídeo(s) do dia — IA selecionando...
   ✅ [btg] 🔵 30/07 - Fed mantém juros em decisão dividida; Treasur (24min)
      Motivo IA: O vídeo possui o título 'Morning Call', a data correta e aborda o panorama macroeconômico do dia.
   ✅ OK | 24min | 23,458 chars

📡 [genial]
   📋 [genial] 4 vídeo(s) do dia — IA selecionando...
   ✅ [genial] 🔴 07/30 US GDP and PCE, Brazil unemployment, and Vale e (59min)
      Motivo IA: O vídeo é explicitamente identificado como 'Morning Call' e aborda o panorama macroeconômico do dia 30/07/2026.
   ✅ OK | 58min | 53,401 chars

📡 [investing]
   ⚠️  Ausente: nenhum vídeo publicado em 30/07/2026 (último: 20260724)

📡 [xp]
   📋 [xp] 1 vídeo(s) do dia — IA selecionando...
   ✅ [xp] 🟡 30/07/2026 | COMO INVESTIR no LONGO PRAZO: a visão de (33min)
      Motivo IA: O vídeo possui a data correta e é explicitamente identificado como um Morning Call no título.
   ✅ OK | 33min | 30,348 chars

📡 [picpay]
   📋 [picpay] 1 vídeo(s) do dia — IA selecionando...
   ✅ [picpay] #950 Economic Daily: Fed holds rates, but conflict drag (6min)
      Motivo IA: O vídeo é um podcast diário de economia (Economic Daily) focado no panorama macroeconômico do dia 30/07/2026.
   ✅ OK | 6min | 4,959 chars

📊 4/5 canais coletados


============================================================
O mercado financeiro iniciou o dia 30 de julho de 2026 digerindo os desdobramentos da decisão do FOMC, que manteve as taxas de juros inalteradas, mas revelou um dissenso relevante entre seus membros. Segundo o BTG, a Genial, a XP e o PicPay, a ausência de *forward guidance* por parte do presidente Kevin Wash e a sinalização de que o Fed está "comprando tempo" geraram incerteza, pressionando os juros longos americanos para patamares elevados. Vale ressaltar que o canal Investing não publicou conteúdo nesta data, sendo sua última atualização em 24/07/2026.

Há consenso entre os canais de que o cenário macroeconômico global enfrenta forte volatilidade, exacerbada pelo recrudescimento das tensões geopolíticas entre Estados Unidos e Irã, o que impulsionou os preços do petróleo. Enquanto a Genial destaca que o mercado de ações americano sofreu um *sell-off* recente, com quedas expressivas no Nasdaq e S&P 500, o BTG aponta uma rotação de ativos de tecnologia para empresas de valor. A XP reforça que, apesar da recuperação ensaiada nesta manhã, os investidores permanecem atentos aos resultados corporativos, com a Microsoft sendo bem avaliada pelo mercado, enquanto a Meta decepcionou devido à queima de caixa e projeções de CAPEX elevado.

No cenário doméstico, o Ibovespa fechou em queda no pregão anterior, pressionado pelo ambiente externo, embora a Petrobras tenha atuado como um contrapeso positivo devido à alta do petróleo. Segundo o PicPay, o mercado de trabalho brasileiro, via dados do CAGED, mostra resiliência, porém com ritmo de contratações mais moderado. A XP e a Genial destacam que a agenda do dia é carregada, com a divulgação do PIB americano, do PCE e da PNAD no Brasil, indicadores que serão cruciais para definir a direção dos juros futuros e o apetite ao risco nos próximos dias.
============================================================

📈 Buscando preços de mercado...
✅ Email enviado para: bernardo.mrlima0110@gmail.com, tdvuono@gmail.com
[19:09:55] Script finalizado
