[10:30:00] Iniciando Morning Call Digest | python=C:\Users\berbe\AppData\Local\Microsoft\WindowsApps\py.exe
🔌 Suspensão por ociosidade bloqueada durante a execução
🗓️  Digest de: 13/07/2026

🔍 Verificando bloqueio de IP...
✅ IP liberado — iniciando coleta

📡 [btg]
   📋 [btg] 1 vídeo(s) do dia — IA selecionando...
   ✅ [btg] 🔵 13/07 - Petróleo volta a subir com aumento da tensão  (23min)
      Motivo IA: O vídeo possui o título 'Morning Call', a data correta e aborda o panorama macroeconômico do dia.
   ✅ OK | 23min | 18,778 chars

📡 [genial]
   📋 [genial] 2 vídeo(s) do dia — IA selecionando...
   ✅ [genial] 🔴 13/07 Tensão no Oriente Médio derruba futuros de NY | (45min)
      Motivo IA: O vídeo apresenta um panorama macroeconômico matinal focado nos impactos globais no mercado financeiro.
   ⏳ Transcrição indisponível — aguardando 10min (tentativa 1/3)...
   ⏳ Transcrição indisponível — aguardando 10min (tentativa 2/3)...
   ❌ Erro: 
Could not retrieve a transcript for the video https://www.youtube.com/watch?v=wNNkfe1pU38! This is most likely caused b

📡 [investing]
   📋 [investing] 1 vídeo(s) do dia — IA selecionando...
   ✅ [investing] 🔴 AO VIVO: mercado espera Boletim Focus após IPCA anima (48min)
      Motivo IA: O vídeo possui a data correta e o título identifica explicitamente tratar-se de um Morning Call com foco no panorama macroeconômico do dia.
   ⏳ Transcrição indisponível — aguardando 10min (tentativa 1/3)...
   ⏳ Transcrição indisponível — aguardando 10min (tentativa 2/3)...
   ❌ Erro: 
Could not retrieve a transcript for the video https://www.youtube.com/watch?v=KaxcNIMM6rU! This is most likely caused b

📡 [xp]
   📋 [xp] 1 vídeo(s) do dia — IA selecionando...
   ✅ [xp] 🟡 13/07/2026 | Conflito EUA - IRÃ e BOLSA brasileira: o (30min)
      Motivo IA: O vídeo possui a data correta, o termo 'Morning Call' no título e aborda o panorama macroeconômico antes da abertura do mercado.
   ✅ OK | 29min | 18,595 chars

📡 [picpay]
   📋 [picpay] 1 vídeo(s) do dia — IA selecionando...
   ✅ [picpay] #937 Economic Daily: IPCA surprises and market prices i (5min)
      Motivo IA: O vídeo é um podcast diário de economia que aborda o panorama macroeconômico do dia 13/07/2026.
   ✅ OK | 5min | 4,918 chars

📊 3/5 canais coletados


============================================================
Informamos que as transcrições dos canais Genial e Investing não puderam ser recuperadas devido a erros técnicos, portanto, este resumo baseia-se exclusivamente nas análises do BTG, XP e PicPay. O mercado inicia esta segunda-feira, 13 de julho de 2026, sob um clima de aversão ao risco, impulsionado pela intensificação do conflito entre Estados Unidos e Irã no final de semana. Segundo o BTG, a escalada militar e a troca de ataques levaram a uma nova alta do petróleo, que opera próximo aos 80 dólares, revertendo o otimismo gerado pelo memorando de entendimento anterior. A XP destaca que esse cenário geopolítico pressiona os rendimentos dos títulos americanos (Treasuries) e fortalece o dólar, impactando negativamente os mercados emergentes e gerando volatilidade nas bolsas globais, com destaque para a queda acentuada na Coreia do Sul.

Há consenso entre BTG, XP e PicPay de que o dado do IPCA de junho, divulgado na última sexta-feira, foi surpreendentemente positivo, mostrando uma inflação estrutural em desaceleração e impulsionando o Ibovespa. O PicPay ressalta que esse dado elevou para 84% a probabilidade de corte de 25 pontos-base na Selic em agosto, com o DI para janeiro de 2027 fechando abaixo de 14%. Enquanto o BTG alerta que o conflito no Oriente Médio pode pressionar a inflação futura, especialmente via custos de fertilizantes e energia, a XP mantém uma visão de oportunidade em renda variável, argumentando que o mercado brasileiro apresenta atratividade em múltiplos, apesar das incertezas políticas e do calendário eleitoral apertado.

Para o restante da semana, o foco dos investidores está concentrado na agenda macroeconômica internacional e local. O BTG e o PicPay destacam a importância do CPI americano, que será divulgado na terça-feira, como um balizador para as expectativas de política monetária do Fed. A XP complementa que o depoimento do presidente do Banco Central americano ao Congresso será um evento chave para calibrar o nível de ansiedade do mercado. No Brasil, a agenda de atividade econômica, que inclui dados de serviços, varejo e o IBC-BR, será fundamental para confirmar se a melhora observada no IPCA se traduzirá em uma trajetória sustentável de queda de juros, em um ambiente onde o Congresso Nacional entra em recesso parlamentar no próximo dia 18.
============================================================

📈 Buscando preços de mercado...
✅ Email enviado para: bernardo.mrlima0110@gmail.com, tdvuono@gmail.com
[11:24:45] Script finalizado
