[10:30:01] Iniciando Morning Call Digest | python=C:\Users\berbe\AppData\Local\Microsoft\WindowsApps\py.exe
🔌 Suspensão por ociosidade bloqueada durante a execução
🗓️  Digest de: 15/07/2026

🔍 Verificando bloqueio de IP...
✅ IP liberado — iniciando coleta

📡 [btg]
   📋 [btg] 1 vídeo(s) do dia — IA selecionando...
   ✅ [btg] 🔵 15/07 - CPI abaixo do esperado reduz temor de alta de (23min)
      Motivo IA: O vídeo é um Morning Call oficial, possui a data correta e aborda o panorama macroeconômico do dia.
   ✅ OK | 23min | 22,409 chars

📡 [genial]
   📋 [genial] 2 vídeo(s) do dia — IA selecionando...
   ✅ [genial] 🔴 15/07 Chips impulsionam bolsas | Tensão com Irã manté (50min)
      Motivo IA: O vídeo apresenta um panorama macroeconômico do dia e está explicitamente identificado como Morning Call.
   ✅ OK | 48min | 42,347 chars

📡 [investing]
   📋 [investing] 1 vídeo(s) do dia — IA selecionando...
   ✅ [investing] CPI nos EUA traz alívio e impulsiona ativos antes de Li (38min)
      Motivo IA: O vídeo possui o título explícito de Morning Call e foi publicado na data solicitada, abordando o panorama macroeconômico do dia.
   ⏳ Transcrição indisponível — aguardando 10min (tentativa 1/3)...
   ⏳ Transcrição indisponível — aguardando 10min (tentativa 2/3)...
   ❌ Erro: 
Could not retrieve a transcript for the video https://www.youtube.com/watch?v=mPgFXruQhko! This is most likely caused b

📡 [xp]
   📋 [xp] 1 vídeo(s) do dia — IA selecionando...
   ✅ [xp] 🟡 15/07/2026 | AÇÕES: "comprar na alta" funciona? | Mor (31min)
      Motivo IA: O vídeo possui a data correta e está explicitamente identificado como Morning Call no título.
   ✅ OK | 30min | 27,143 chars

📡 [picpay]
   📋 [picpay] 1 vídeo(s) do dia — IA selecionando...
   ✅ [picpay] #939 Economic Daily: Soft CPI eases rates, but oil limi (4min)
      Motivo IA: O vídeo é um podcast diário de economia que analisa o panorama macroeconômico do dia 15/07/2026 antes da abertura do mercado.
   ✅ OK | 4min | 4,304 chars

📊 4/5 canais coletados


============================================================
O mercado financeiro desta quarta-feira, 15 de julho de 2026, opera com cautela e seletividade, repercutindo os dados de inflação ao consumidor (CPI) divulgados ontem nos Estados Unidos, que surpreenderam positivamente ao mostrar deflação. O canal Investing não pôde ser consultado devido a um erro técnico na recuperação de sua transcrição. Há consenso entre BTG, Genial, XP e PicPay de que, embora o CPI tenha trazido alívio imediato e reduzido as apostas de alta de juros pelo Federal Reserve, o cenário permanece volátil devido à persistência das tensões geopolíticas no Oriente Médio, que mantêm o preço do petróleo em patamares elevados, próximo aos 85 dólares o barril.

Segundo o BTG e a Genial, o mercado agora volta suas atenções para o índice de preços ao produtor (PPI) norte-americano, buscando confirmar se a tendência de desinflação se sustenta na cadeia produtiva. Enquanto a XP destaca que o mercado monitora de perto as negociações sobre possíveis tarifas dos EUA ao Brasil, o PicPay ressalta que dirigentes do Fed, como Kevin Warsh, mantêm um discurso cauteloso, reforçando que a missão de controle inflacionário ainda não foi concluída. Divergências pontuais surgem sobre o impacto do PIB chinês: enquanto a Genial aponta decepção com o crescimento abaixo do esperado, o BTG observa que, apesar da fraqueza no setor imobiliário, dados de varejo e produção industrial na margem trouxeram algum alento.

No cenário doméstico, o foco recai sobre a pesquisa mensal de serviços e o risco fiscal, com a XP e o BTG mencionando preocupações com a aprovação de pautas no Congresso que podem pressionar as contas públicas. O real teve desempenho de destaque ontem, com valorização expressiva, mas analistas da Genial e do PicPay alertam para a possibilidade de estabilização ou correção, dado o ambiente de incerteza global. No campo corporativo, a aquisição da FMU pela Anima por 410 milhões de reais é um dos principais destaques, com analistas da Genial e do BTG ponderando que o aumento da alavancagem da companhia em um cenário de juros elevados exige seletividade por parte dos investidores.
============================================================

📈 Buscando preços de mercado...
✅ Email enviado para: bernardo.mrlima0110@gmail.com, tdvuono@gmail.com
[11:04:39] Script finalizado
