[10:30:01] Iniciando Morning Call Digest | python=C:\Users\berbe\AppData\Local\Microsoft\WindowsApps\py.exe
🔌 Suspensão por ociosidade bloqueada durante a execução
🗓️  Digest de: 30/06/2026

🔍 Verificando bloqueio de IP...
✅ IP liberado — iniciando coleta

📡 [btg]
   📋 [btg] 1 vídeo(s) do dia — IA selecionando...
   ✅ [btg] 🔵 30/06 - Mercados operam sob trégua no Oriente Médio;  (17min)
      Motivo IA: O vídeo possui o título explícito de Morning Call, data correspondente e formato de análise macroeconômica matinal.
   ✅ OK | 17min | 16,384 chars

📡 [genial]
   📋 [genial] 3 vídeo(s) do dia — IA selecionando...
   ✅ [genial] 🔴 30/06 Dow Jones bate recorde; Caged, JOLTS e inflação (48min)
      Motivo IA: O vídeo apresenta o panorama macroeconômico do dia com indicadores e notícias de mercado, caracterizando um Morning Call.
   ✅ OK | 45min | 39,679 chars

📡 [investing]
   📋 [investing] 1 vídeo(s) do dia — IA selecionando...
   ✅ [investing] Caged e JOLTS são foco após altas e recorde em NY - Mor (63min)
      Motivo IA: O vídeo possui o termo 'Morning Call' no título, foi publicado na data solicitada e aborda o panorama macroeconômico do dia.
   ⏳ Transcrição indisponível — aguardando 10min (tentativa 1/3)...
   ⏳ Transcrição indisponível — aguardando 10min (tentativa 2/3)...
   ❌ Erro: 
Could not retrieve a transcript for the video https://www.youtube.com/watch?v=RIAjfCLcBqA! This is most likely caused b

📡 [xp]
   📋 [xp] 1 vídeo(s) do dia — IA selecionando...
   ✅ [xp] 🟡 30/06/2026 | ETFs UCITS: como investir no exterior co (34min)
      Motivo IA: O vídeo possui a data correta e está explicitamente identificado como Morning Call no título.
   ✅ OK | 34min | 27,381 chars

📡 [picpay]
   📋 [picpay] 1 vídeo(s) do dia — IA selecionando...
   ✅ [picpay] #929 Economic Daily: External caution keeps Ibovespa st (6min)
      Motivo IA: O vídeo é um podcast diário de economia (Economic Daily) focado no panorama do mercado na data solicitada.
   ✅ OK | 6min | 5,156 chars

📊 4/5 canais coletados


============================================================
O mercado financeiro encerra o semestre com foco voltado à agenda macroeconômica e à temporada de balanços, após um período de forte valorização das bolsas americanas. Ressalta-se que o canal Investing não está disponível hoje devido a um erro técnico na recuperação de sua transcrição. O BTG destaca que a geopolítica perdeu influência sobre os preços, com o mercado voltando a se debruçar sobre a política monetária do Fed e a eficácia dos investimentos em Inteligência Artificial. A Genial observa que o excepcionalismo americano e a possibilidade de um dólar forte permanecem como os principais riscos para ativos de risco e emergentes, enquanto a XP e o PicPay monitoram a estabilização das expectativas no Boletim Focus e a deflação do IGP-M como sinais de alívio para a curva de juros local.

Há consenso entre BTG, Genial, XP e PicPay de que os dados de mercado de trabalho nos Estados Unidos, especialmente o *JOLTS* hoje e o *payroll* na quinta-feira, serão determinantes para a precificação da trajetória de juros do Fed. Enquanto o BTG e a Genial alertam para a possibilidade de novas altas de juros nos EUA, o PicPay menciona que argumentos sobre a força desinflacionária da IA e um núcleo de inflação contido podem enfraquecer essa narrativa. No cenário doméstico, a Genial e a XP destacam a preocupação com a expansão dos gastos públicos e o déficit primário, com a Genial enfatizando que o aumento real de 13% nos gastos em um cenário de PIB aquecido é um ponto de atenção crítica para a sustentabilidade fiscal.

Em relação aos ativos, o BTG e a Genial apontam para a cautela com o setor de tecnologia, questionando se o alto custo de implementação de IA se converterá em resultados financeiros sólidos. No Brasil, o setor de agronegócio e o Banco do Brasil são monitorados devido ao aumento da inadimplência, enquanto a XP destaca a novidade dos ETFs *USITS* como uma alternativa eficiente para diversificação global e sucessão patrimonial. O PicPay reforça que o Ibovespa tem operado com liquidez reduzida e sem direção definida, refletindo um empate técnico entre o otimismo com a desinflação no atacado e a cautela com o cenário fiscal e o fluxo de capital estrangeiro.
============================================================

📈 Buscando preços de mercado...
✅ Email enviado para: bernardo.mrlima0110@gmail.com, tdvuono@gmail.com
[11:04:33] Script finalizado
