[16:00:56] Iniciando Morning Call Digest | python=C:\Users\berbe\AppData\Local\Microsoft\WindowsApps\py.exe
🔌 Suspensão por ociosidade bloqueada durante a execução
🗓️  Digest de: 17/07/2026

🔍 Verificando bloqueio de IP...
✅ IP liberado — iniciando coleta

📡 [btg]
   📋 [btg] 1 vídeo(s) do dia — IA selecionando...
   ✅ [btg] 🔵 17/07 - EUA e Irã trocam ataques por 6ª noite seguida (26min)
      Motivo IA: O vídeo possui a data correta e o título identifica explicitamente o programa como um Morning Call de mercado.
   ✅ OK | 26min | 26,594 chars

📡 [genial]
   📋 [genial] 3 vídeo(s) do dia — IA selecionando...
   ✅ [genial] 🔴 07/17/2026 | Chips drag down markets | Oil rises on a (47min)
      Motivo IA: O vídeo possui o formato clássico de Morning Call, com análise macroeconômica e duração adequada para o programa.
   ✅ OK | 46min | 41,254 chars

📡 [investing]
   📋 [investing] 1 vídeo(s) do dia — IA selecionando...
   ✅ [investing] Antes do IBC-Br, tarifaço dos EUA, tom duro do Fed e Ne (37min)
      Motivo IA: O vídeo possui o título explícito de 'Morning Call' e aborda o panorama macroeconômico do dia 17/07/2026.
   ⏳ Transcrição indisponível — aguardando 10min (tentativa 1/3)...
   ⏳ Transcrição indisponível — aguardando 10min (tentativa 2/3)...
   ❌ Erro: 
Could not retrieve a transcript for the video https://www.youtube.com/watch?v=Ulsw4TXIOyM! This is most likely caused b

📡 [xp]
   📋 [xp] 1 vídeo(s) do dia — IA selecionando...
   ✅ [xp] 🟡 07/17/2026 | Effects of US TARIFFS on AGRIBUSINESS an (29min)
      Motivo IA: O vídeo possui a data correta, é identificado explicitamente como Morning Call e aborda o panorama macroeconômico do dia.
   ✅ OK | 29min | 29,785 chars

📡 [picpay]
   📋 [picpay] 1 vídeo(s) do dia — IA selecionando...
   ✅ [picpay] #941 Economic Daily: Confirmed tariff hike drags down I (5min)
      Motivo IA: O vídeo é um podcast diário de economia (Economic Daily) focado no panorama macro do mercado na data solicitada.
   ✅ OK | 5min | 4,396 chars

📊 4/5 canais coletados


============================================================
Prezado investidor, informamos que não foi possível obter a transcrição do canal Investing devido a um erro técnico na plataforma. O cenário de mercado desta sexta-feira, 17 de julho de 2026, é marcado por um forte movimento de aversão ao risco global, impulsionado pela escalada das tensões entre Estados Unidos e Irã, com a continuidade de ataques militares e ameaças ao fluxo de energia no Mar Vermelho. Segundo o BTG e a Genial, o clima é agravado pela volatilidade no setor de semicondutores, que sofre com uma intensa realização de lucros após um período de alta expressiva, levantando debates sobre a sustentabilidade dos investimentos em inteligência artificial e a eficiência de custos entre modelos americanos e chineses.

Há consenso entre BTG, Genial, XP e PicPay de que o mercado vive um momento de desalavancagem de posições concentradas, com investidores migrando para ativos mais defensivos ou diversificados. A XP destaca que, no cenário doméstico, o anúncio de tarifas de 25% dos Estados Unidos sobre produtos brasileiros gera incertezas, embora o impacto microeconômico seja heterogêneo; enquanto o setor de carne bovina possui isenções, o segmento de açúcar orgânico pode enfrentar desafios estruturais. O PicPay ressalta que o governo brasileiro sinalizou a possibilidade de medidas de reciprocidade, o que adiciona um componente de risco político e fiscal ao ambiente de negócios.

Quanto aos ativos e indicadores, a Genial aponta que o Ibovespa enfrenta pressão vendedora, com o índice testando suportes técnicos importantes na casa dos 171.000 a 173.000 pontos. A XP observa uma inclinação na curva de juros brasileira e reforça a cautela com a alavancagem de empresas como a MBRF, apesar de reconhecer o potencial tático de curto prazo. Enquanto o BTG destaca a resiliência do consumo americano e o fechamento recente da curva de juros nos EUA, o PicPay alerta que a agenda econômica do dia, focada em dados de atividade industrial e expectativas de inflação, será determinante para definir se o Federal Reserve manterá uma postura de juros elevados por mais tempo.
============================================================

📈 Buscando preços de mercado...
✅ Email enviado para: bernardo.mrlima0110@gmail.com, tdvuono@gmail.com
[16:35:58] Script finalizado
