[10:30:00] Iniciando Morning Call Digest | python=C:\Users\berbe\AppData\Local\Microsoft\WindowsApps\py.exe
🔌 Suspensão por ociosidade bloqueada durante a execução
🗓️  Digest de: 12/06/2026

🔍 Verificando bloqueio de IP...
✅ IP liberado — iniciando coleta

📡 [btg]
   📋 [btg] 1 vídeo(s) do dia — IA selecionando...
   ✅ [btg] 🔵 12/06 - Acordo EUA-Irã pode ser assinado domingo; pet (27min)
      Motivo IA: O vídeo possui o título explícito de 'Morning Call', a data correta e aborda o panorama macroeconômico do dia.
   ✅ OK | 27min | 20,847 chars

📡 [genial]
   📋 [genial] 2 vídeo(s) do dia — IA selecionando...
   ✅ [genial] 🔴 12/06/2026 Petróleo cai com acordo EUA-Irã | Foco nos (52min)
      Motivo IA: O vídeo apresenta um panorama macroeconômico matinal focado nos mercados, caracterizando-se como um Morning Call.
   ✅ OK | 47min | 39,296 chars

📡 [investing]
   📋 [investing] 1 vídeo(s) do dia — IA selecionando...
   ✅ [investing] Trump anuncia acordo com Irã; IPCA de maio movimenta me (55min)
      Motivo IA: O vídeo possui o título explícito de Morning Call e foi publicado na data solicitada, abordando o panorama macroeconômico do dia.
   ⏳ Transcrição indisponível — aguardando 10min (tentativa 1/3)...
   ⏳ Transcrição indisponível — aguardando 10min (tentativa 2/3)...
   ❌ Erro: 
Could not retrieve a transcript for the video https://www.youtube.com/watch?v=0E471cL_BzM! This is most likely caused b

📡 [xp]
   📋 [xp] 1 vídeo(s) do dia — IA selecionando...
   ✅ [xp] 🟡 12/06/2026 | SpaceX levanta US$ 75 bi no maior IPO da (26min)
      Motivo IA: O vídeo possui a data correta, o termo 'Morning Call' no título e aborda o panorama macroeconômico do dia.
   ✅ OK | 25min | 22,431 chars

📡 [picpay]
   📋 [picpay] 1 vídeo(s) do dia — IA selecionando...
   ✅ [picpay] #917 Economic Daily: Dollar falls to R$ 5.10 betting on (5min)
      Motivo IA: O vídeo é um podcast diário de economia (Economic Daily) focado no panorama macro do mercado na data solicitada.
   ✅ OK | 5min | 4,523 chars

📊 4/5 canais coletados


============================================================
O mercado financeiro desta sexta-feira, 12 de junho de 2026, opera sob a expectativa de um possível acordo entre Estados Unidos e Irã, após declarações de Donald Trump sinalizarem o fim das tensões geopolíticas. O BTG Pactual, a Genial, a XP e o PicPay observam que, embora o noticiário tenha impulsionado um rali global de ativos de risco e a queda do petróleo, há cautela, pois o acordo ainda não foi formalizado e fontes oficiais de ambos os países mantêm reservas. Ressalta-se que o canal Investing não está disponível hoje devido a um erro técnico na recuperação da transcrição.

Há consenso entre BTG, Genial, XP e PicPay de que a melhora no cenário externo favoreceu moedas emergentes, com destaque para a valorização do real, e permitiu um alívio na curva de juros. Enquanto o BTG e a XP destacam que o cenário de "super quarta" na próxima semana permanece como foco central, a Genial aponta que a volatilidade dos ativos brasileiros reflete, em parte, um movimento de realização de lucros após o rali recente. O PicPay reforça que o diferencial de juros doméstico voltou a atrair fluxo, embora o nível do Ibovespa ainda não reflita uma normalização completa do cenário macroeconômico.

No campo dos ativos em destaque, o IPO da SpaceX domina as atenções, sendo classificado pela XP como um marco histórico de valuation e liquidez, apesar dos questionamentos sobre a estrutura de governança e o baixo *float* inicial. No Brasil, o IPCA de maio é o dado monitorado, com o BTG e o PicPay alertando para pressões persistentes em alimentação e domicílio. O BTG e a XP divergem levemente sobre a trajetória da Selic: enquanto o BTG projeta que o corte da próxima semana pode ser o último do ano, a XP mantém uma visão mais cautelosa, sugerindo que o Banco Central deve adotar uma postura de pausa após o ajuste, dada a desancoragem das expectativas inflacionárias.

Os riscos permanecem elevados, com o BTG e a Genial enfatizando que a escalada da guerra e a falta de petróleo ainda representam ameaças inflacionárias latentes. A XP adiciona que o cenário fiscal brasileiro, com discussões de medidas expansionistas no Congresso, impõe um prêmio de risco adicional às taxas de juros de médio prazo. Em suma, o mercado opera em um ambiente de otimismo condicional, onde a sustentabilidade dos ganhos depende diretamente da confirmação do acordo geopolítico e da resiliência dos indicadores de inflação doméstica frente ao câmbio.
============================================================

📈 Buscando preços de mercado...
✅ Email enviado para: bernardo.mrlima0110@gmail.com, tdvuono@gmail.com
[11:05:21] Script finalizado
