[09:17:44] Iniciando Morning Call Digest | python=C:\Users\berbe\AppData\Local\Microsoft\WindowsApps\py.exe
🔌 Suspensão por ociosidade bloqueada durante a execução
🗓️  Digest de: 03/08/2026

🔍 Verificando bloqueio de IP...
✅ IP liberado — iniciando coleta

📡 [btg]
   📋 [btg] 1 vídeo(s) do dia — IA selecionando...
   ✅ [btg] 🔵 03/08 - Onde investir em ações em agosto; petróleo ca (25min)
      Motivo IA: O vídeo possui o título explícito de Morning Call, foi publicado na data correta e aborda o panorama macroeconômico do dia.
   ⏳ Transcrição indisponível — aguardando 10min (tentativa 1/3)...
   ✅ OK | 25min | 21,391 chars

📡 [genial]
   📋 [genial] 2 vídeo(s) do dia — IA selecionando...
   ⚠️  Ausente: vídeo selecionado muito curto (0s) — provável live em andamento

📡 [investing]
   ⚠️  Ausente: nenhum vídeo publicado em 03/08/2026 (último: 20260724)

📡 [xp]
   📋 [xp] 1 vídeo(s) do dia — IA selecionando...
   ✅ [xp] 🟡 03/08/2026 | AÇÕES para investir e impactos do EL NIÑ (34min)
      Motivo IA: O vídeo possui a data correta, o formato de Morning Call e aborda o panorama macroeconômico do dia.
   ✅ OK | 34min | 30,337 chars

📡 [picpay]
   📋 [picpay] 1 vídeo(s) do dia — IA selecionando...
   ✅ [picpay] #952 Economic Daily: Copom decides on Selic under press (6min)
      Motivo IA: O vídeo é um podcast diário de economia (Economic Daily) focado no panorama macroeconômico do dia 03/08/2026.
   ✅ OK | 6min | 5,631 chars

📊 3/5 canais coletados


============================================================
Os mercados iniciam esta segunda-feira, 3 de agosto de 2026, com um tom de alívio moderado, impulsionado pela suspensão de ataques dos Estados Unidos ao Irã e pela perspectiva de reabertura do Estreito de Ormuz, o que provocou uma queda expressiva nos preços do petróleo. Ressalta-se que os canais Genial e Investing não possuem conteúdos disponíveis para esta data. Segundo o BTG e a XP, o recuo da commodity energética traz um fôlego importante para os ativos de risco, embora o PicPay reforce que o histórico recente de negociações geopolíticas recomenda cautela, uma vez que não há garantias de uma normalização definitiva do fluxo de petróleo.

Há consenso entre BTG, XP e PicPay de que a semana será marcada pela decisão do COPOM, com expectativa majoritária de um corte de 0,25 ponto percentual na taxa Selic. Enquanto o BTG destaca que a inflação projetada no Boletim Focus apresentou queda, o PicPay pondera que o Banco Central deve manter uma comunicação cautelosa, sem compromisso com cortes futuros, devido à volatilidade do petróleo e à pressão dos juros americanos. A XP complementa que, apesar do cenário de juros restritivos, a bolsa brasileira apresenta assimetria positiva, com preços descontados que já precificam um ambiente desafiador, tornando a alocação em renda variável atrativa para investidores com foco em longo prazo.

No cenário macroeconômico global, a agenda está concentrada em indicadores de atividade e mercado de trabalho nos Estados Unidos, com destaque para o *payroll* na sexta-feira. A XP aponta que o fluxo de capital estrangeiro voltou a favorecer o Brasil, beneficiando-se de uma rotação de portfólio que busca empresas de alta qualidade e baixo endividamento. Por fim, o BTG e a XP alertam para os riscos fiscais domésticos e a incerteza sobre o ajuste das contas públicas, fatores que, somados aos efeitos climáticos do El Niño, exigem monitoramento constante, especialmente para os setores de agronegócio, energia e consumo.
============================================================

📈 Buscando preços de mercado...
✅ Email enviado para: bernardo.mrlima0110@gmail.com, tdvuono@gmail.com
[09:42:03] Script finalizado
