[10:30:00] Iniciando Morning Call Digest | python=C:\Users\berbe\AppData\Local\Microsoft\WindowsApps\py.exe
🔌 Suspensão por ociosidade bloqueada durante a execução
🗓️  Digest de: 05/06/2026

🔍 Verificando bloqueio de IP...
✅ IP liberado — iniciando coleta

📡 [btg]
   📋 [btg] 1 vídeo(s) do dia — IA selecionando...
   ✅ [btg] 🔵 05/06 - Onde investir em junho: FIIs | Morning Call B (27min)
      Motivo IA: O vídeo possui a nomenclatura 'Morning Call' e a data correspondente ao dia 05/06/2026.
   ✅ OK | 27min | 25,768 chars

📡 [genial]
   📋 [genial] 2 vídeo(s) do dia — IA selecionando...
   ✅ [genial] 05/06 Payroll nos EUA; PIB da Zona do Euro e mais desta (60min)
      Motivo IA: O vídeo apresenta o panorama macroeconômico do dia com foco em indicadores globais antes da abertura do mercado.
   ⏳ Transcrição indisponível — aguardando 10min (tentativa 1/3)...
   ⏳ Transcrição indisponível — aguardando 10min (tentativa 2/3)...
   ❌ Erro: 
Could not retrieve a transcript for the video https://www.youtube.com/watch?v=0-465A5Te_c! This is most likely caused b

📡 [investing]
   📋 [investing] 1 vídeo(s) do dia — IA selecionando...
   ✅ [investing] 🔴 AO VIVO: mercado volta de feriado com Payroll nos EUA (50min)
      Motivo IA: O vídeo possui o título explícito de Morning Call, foi publicado na data correta e aborda o panorama macroeconômico do dia.
   ⏳ Transcrição indisponível — aguardando 10min (tentativa 1/3)...
   ⏳ Transcrição indisponível — aguardando 10min (tentativa 2/3)...
   ❌ Erro: 
Could not retrieve a transcript for the video https://www.youtube.com/watch?v=3bestzXCudY! This is most likely caused b

📡 [xp]
   📋 [xp] 1 vídeo(s) do dia — IA selecionando...
   ✅ [xp] 🟡 05/06/2026 | PAYROLL and TECHNICAL ANALYSIS | Morning (41min)
      Motivo IA: O vídeo possui a data correta, o termo 'Morning Call' no título e aborda o panorama macroeconômico do dia.
   ✅ OK | 40min | 33,174 chars

📡 [picpay]
   📋 [picpay] 1 vídeo(s) do dia — IA selecionando...
   ✅ [picpay] #912 Economic Daily: Ibovespa at lowest level since Jan (5min)
      Motivo IA: O vídeo é um podcast diário de economia com foco no panorama macro do mercado na data solicitada.
   ✅ OK | 5min | 4,294 chars

📊 3/5 canais coletados


============================================================
Informamos que as transcrições dos canais Genial e Investing não estão disponíveis devido a erros técnicos, portanto, este resumo baseia-se exclusivamente nas análises do BTG, XP e PicPay. O mercado financeiro desta sexta-feira, 5 de junho de 2026, opera sob forte expectativa pela divulgação do *payroll* nos Estados Unidos, dado considerado fundamental para definir a trajetória dos juros globais e o comportamento das *treasuries*. Enquanto o BTG e o PicPay destacam a resiliência da economia americana e a importância do dado de emprego para o *Federal Reserve*, a XP ressalta a cautela com o setor de tecnologia após o *guidance* decepcionante da Broadcom, que gerou uma rotação de fluxo para ativos mais resilientes.

Há consenso entre os canais de que o cenário externo, marcado por tensões geopolíticas no Oriente Médio e incertezas sobre tarifas comerciais, tem pressionado os mercados emergentes, com o Brasil apresentando um desempenho particularmente desafiador. Segundo o PicPay, o Ibovespa reabre após o feriado em seu menor nível desde janeiro, pressionado por um desmonte de posições e pela alta na curva de juros, que precifica uma Selic terminal elevada. A XP corrobora a gravidade do momento, apontando que o índice brasileiro acumula sete semanas consecutivas de queda, um movimento histórico que, segundo seus analistas, pode representar uma oportunidade de compra para investidores com foco no longo prazo, dada a atratividade de preços de empresas sólidas.

Em relação aos ativos, o BTG e a XP observam uma correção no setor de tecnologia, com o BTG pontuando a sensibilidade do mercado a *valuations* esticados, enquanto a XP sugere que a escassez de infraestrutura para IA ainda sustenta margens, apesar da volatilidade. No mercado de fundos imobiliários, o BTG destaca a preferência por papéis de crédito atrelados ao IPCA como proteção contra a inflação, mantendo uma alocação relevante em logística devido à baixa vacância e ao poder de repasse de preços. Por fim, o PicPay alerta que, caso o *payroll* venha acima de 150 mil vagas, a pressão sobre o dólar e os juros pode se intensificar, mantendo o prêmio de risco brasileiro elevado, enquanto um dado mais fraco poderia proporcionar o alívio técnico necessário para uma recuperação dos ativos locais.
============================================================

📈 Buscando preços de mercado...
✅ Email enviado para: bernardo.mrlima0110@gmail.com, tdvuono@gmail.com
[11:24:28] Script finalizado
