[10:30:00] Iniciando Morning Call Digest | python=C:\Users\berbe\AppData\Local\Microsoft\WindowsApps\py.exe
🔌 Suspensão por ociosidade bloqueada durante a execução
🗓️  Digest de: 23/07/2026

🔍 Verificando bloqueio de IP...
✅ IP liberado — iniciando coleta

📡 [btg]
   📋 [btg] 1 vídeo(s) do dia — IA selecionando...
   ✅ [btg] 🔵 23/07 - Petróleo dispara com ataque a petroleiros; Ba (24min)
      Motivo IA: O vídeo possui o título 'Morning Call', a data correta e aborda o panorama macroeconômico do dia.
   ✅ OK | 24min | 23,765 chars

📡 [genial]
   📋 [genial] 2 vídeo(s) do dia — IA selecionando...
   ✅ [genial] 🔴 23/07 Petróleo dispara com Houthis e tech afunda com  (51min)
      Motivo IA: O vídeo apresenta o panorama macroeconômico do dia, caracterizando-se como um Morning Call.
   ✅ OK | 50min | 45,581 chars

📡 [investing]
   📋 [investing] 1 vídeo(s) do dia — IA selecionando...
   ✅ [investing] Vale e WEG impulsionam bolsa; BCE decide juros; Brent d (38min)
      Motivo IA: O vídeo possui o título explícito de Morning Call, data correspondente e aborda o panorama macroeconômico do dia.
   ⏳ Transcrição indisponível — aguardando 10min (tentativa 1/3)...
   ⏳ Transcrição indisponível — aguardando 10min (tentativa 2/3)...
   ❌ Erro: 
Could not retrieve a transcript for the video https://www.youtube.com/watch?v=uSucoY5YB7w! This is most likely caused b

📡 [xp]
   📋 [xp] 1 vídeo(s) do dia — IA selecionando...
   ✅ [xp] 🟡 23/07/2026 | EXPERT XP: mercados e BOLSA brasileira c (24min)
      Motivo IA: O vídeo possui a data correta, o termo 'Morning Call' no título e aborda o panorama macroeconômico do mercado.
   ✅ OK | 24min | 23,321 chars

📡 [picpay]
   📋 [picpay] 1 vídeo(s) do dia — IA selecionando...
   ✅ [picpay] #945 Economic Daily: Oil at US$ 94 splits the stock mar (5min)
      Motivo IA: O vídeo é um podcast diário de economia com foco no panorama macroeconômico do dia 23/07/2026.
   ✅ OK | 5min | 5,134 chars

📊 4/5 canais coletados


============================================================
O mercado financeiro desta quinta-feira, 23 de julho de 2026, é marcado por uma aversão ao risco seletiva, com investidores digerindo a escalada do conflito no Oriente Médio e seus impactos diretos no preço do petróleo, que se aproxima dos US$ 100 por barril. Ressalta-se que o canal Investing não está disponível hoje devido a um erro técnico na recuperação de sua transcrição. Segundo o BTG, a escalada geopolítica, com ameaças de retaliação no estreito de Ormuz, tem impulsionado a commodity e pressionado a abertura das *treasuries* americanas. A Genial destaca que o cenário de juros globais tornou-se "tóxico", com a volatilidade da renda fixa atingindo níveis preocupantes, enquanto a XP observa que o mercado global vive um momento de "duas caras", equilibrando preocupações macroeconômicas com o otimismo setorial em tecnologia.

Há consenso entre BTG, Genial, XP e PicPay de que os resultados das *Big Techs* divulgados ontem trouxeram cautela. Enquanto o Google apresentou crescimento robusto em *Cloud*, o mercado reagiu negativamente ao aumento expressivo do CAPEX e ao fluxo de caixa livre negativo, fato inédito para a companhia. A Tesla também decepcionou, com lucro abaixo do esperado e atrasos em projetos de robótica. A XP e o PicPay pontuam que o mercado começa a exigir maior clareza sobre o retorno dos investimentos bilionários em inteligência artificial, o que tem gerado volatilidade no setor de tecnologia e pressionado as bolsas americanas.

No cenário doméstico, o Ibovespa apresentou uma recuperação consistente ontem, impulsionado por um forte fluxo de capital estrangeiro e resultados corporativos sólidos, como os da Vale e da WEG. Segundo o PicPay, o real mantém-se resiliente frente ao dólar, sustentado pelo diferencial de juros e pelos termos de troca favoráveis, apesar da pressão de alta nos juros futuros. Enquanto o BTG e a XP veem a bolsa brasileira como uma alternativa atrativa no relativo diante das incertezas sobre o *trade* de inteligência artificial, a Genial alerta para os riscos fiscais internos e a necessidade de cautela com a duração da renda fixa, dado que o estresse global pode eventualmente contaminar os ativos locais.
============================================================

📈 Buscando preços de mercado...
✅ Email enviado para: bernardo.mrlima0110@gmail.com, tdvuono@gmail.com
[11:04:45] Script finalizado
