[10:30:01] Iniciando Morning Call Digest | python=C:\Users\berbe\AppData\Local\Microsoft\WindowsApps\py.exe
🔌 Suspensão por ociosidade bloqueada durante a execução
🗓️  Digest de: 15/06/2026

🔍 Verificando bloqueio de IP...
✅ IP liberado — iniciando coleta

📡 [btg]
   📋 [btg] 1 vídeo(s) do dia — IA selecionando...
   ✅ [btg] 🔵 15/06 - Acordo entre EUA e Irã reduz tensão antes de  (27min)
      Motivo IA: O vídeo possui o título explícito de Morning Call, data correspondente e aborda o panorama macroeconômico antes da abertura do mercado.
   ✅ OK | 27min | 27,764 chars

📡 [genial]
   📋 [genial] 2 vídeo(s) do dia — IA selecionando...
   ✅ [genial] 🔴 15/06 Acordo EUA-Irã Derruba Petróleo e Impulsiona Bo (53min)
      Motivo IA: O vídeo apresenta um panorama macroeconômico do dia com análise de mercado antes da abertura, caracterizando um Morning Call.
   ✅ OK | 52min | 45,436 chars

📡 [investing]
   📋 [investing] 1 vídeo(s) do dia — IA selecionando...
   ✅ [investing] Semana de Copom abre com acordo preliminar EUA-Irã - Mo (44min)
      Motivo IA: O vídeo possui o título explícito de Morning Call e foi publicado na data solicitada, abordando o panorama macroeconômico.
   ⏳ Transcrição indisponível — aguardando 10min (tentativa 1/3)...
   ⏳ Transcrição indisponível — aguardando 10min (tentativa 2/3)...
   ❌ Erro: 
Could not retrieve a transcript for the video https://www.youtube.com/watch?v=oQN-JNlyxHU! This is most likely caused b

📡 [xp]
   📋 [xp] 1 vídeo(s) do dia — IA selecionando...
   ✅ [xp] 🟡 15/06/2026 | Acordo de PAZ entre ESTADOS UNIDOS e IRÃ (34min)
      Motivo IA: O vídeo possui a data correta, o termo 'Morning Call' no título e aborda o panorama macroeconômico do dia.
   ✅ OK | 33min | 28,590 chars

📡 [picpay]
   📋 [picpay] 1 vídeo(s) do dia — IA selecionando...
   ✅ [picpay] #918 Economic Daily: US-Iran Deal Plunges Oil and Eases (5min)
      Motivo IA: O vídeo é um podcast diário de economia com foco em panorama macroeconômico publicado na data solicitada.
   ✅ OK | 5min | 4,591 chars

📊 4/5 canais coletados


============================================================
O mercado financeiro inicia esta segunda-feira, 15 de junho de 2026, sob forte otimismo global, impulsionado pela confirmação do acordo entre Estados Unidos e Irã para a reabertura imediata do Estreito de Ormuz. O BTG, a Genial, a XP e o PicPay destacam que a descompressão do risco geopolítico provocou uma queda expressiva nos preços do petróleo, com o Brent recuando para a casa dos US$ 83 e o WTI próximo aos US$ 80. Ressalta-se que o canal Investing não está disponível hoje devido a um erro técnico na recuperação de sua transcrição.

Há consenso entre BTG, Genial, XP e PicPay de que o cenário macroeconômico global vive um momento de "risco ligado" (*risk-on*), com bolsas na Ásia, Europa e futuros americanos operando em alta. Contudo, a Genial e a XP alertam para uma possível mudança na narrativa de longo prazo, questionando se a tese de um dólar fraco se sustenta diante do excepcionalismo americano e do apetite insano por tecnologia e inteligência artificial. Enquanto o BTG e o PicPay focam na normalização dos fluxos de energia, a XP e a Genial enfatizam que o mercado está atento à "Super Quarta", que trará as decisões de política monetária do Fed, sob o comando de Kevin Warsh, e do Copom no Brasil.

No cenário doméstico, a Genial e o PicPay apontam que o alívio no petróleo e a acomodação dos juros futuros renovaram as apostas em um corte de 25 pontos-base na Selic pelo Copom, embora o PicPay e o BTG ponderem que o IPCA de maio, acima do esperado, limita o espaço para um ciclo longo de afrouxamento monetário. A XP destaca a resiliência do investidor pessoa física, que tem aproveitado a correção recente para aumentar posições, enquanto a Genial expressa cautela com a trajetória fiscal brasileira, que permanece como um ponto de atenção estrutural.

Por fim, os canais divergem sobre a velocidade da normalização econômica. Enquanto o BTG e o PicPay acreditam que a reabertura de Ormuz é um passo definitivo para a paz, a XP e a Genial mantêm uma postura mais cética, sugerindo que o mercado ainda deve enfrentar episódios de volatilidade. O foco dos investidores agora se volta para a assinatura oficial do acordo na Suíça, na próxima sexta-feira, e para o tom que será adotado pelos bancos centrais, que determinará se o fluxo estrangeiro retornará aos ativos emergentes ou se o capital continuará concentrado em tecnologia nos Estados Unidos.
============================================================

📈 Buscando preços de mercado...
✅ Email enviado para: bernardo.mrlima0110@gmail.com, tdvuono@gmail.com
[11:04:41] Script finalizado
