[10:30:01] Iniciando Morning Call Digest | python=C:\Users\berbe\AppData\Local\Microsoft\WindowsApps\py.exe
🔌 Suspensão por ociosidade bloqueada durante a execução
🗓️  Digest de: 23/06/2026

🔍 Verificando bloqueio de IP...
✅ IP liberado — iniciando coleta

📡 [btg]
   📋 [btg] 1 vídeo(s) do dia — IA selecionando...
   ✅ [btg] 🔵 23/06 - Mercado questiona altos investimentos em IA;  (16min)
      Motivo IA: O vídeo possui o título explícito de 'Morning Call', foi publicado na data correta e aborda o panorama macroeconômico do dia.
   ✅ OK | 16min | 15,650 chars

📡 [genial]
   📋 [genial] 3 vídeo(s) do dia — IA selecionando...
   ✅ [genial] 🔴 23/06 Rotação de IA derruba bolsas | Petróleo cai com (43min)
      Motivo IA: O vídeo apresenta o panorama macroeconômico do dia com o título explícito de Morning Call.
   ✅ OK | 43min | 37,110 chars

📡 [investing]
   📋 [investing] 1 vídeo(s) do dia — IA selecionando...
   ✅ [investing] Leitura da ata do Copom após corte da Selic; entenda o  (77min)
      Motivo IA: O vídeo possui o título explícito de Morning Call e foi publicado na data solicitada, abordando o panorama macroeconômico do dia.
   ⏳ Transcrição indisponível — aguardando 10min (tentativa 1/3)...
   ⏳ Transcrição indisponível — aguardando 10min (tentativa 2/3)...
   ❌ Erro: 
Could not retrieve a transcript for the video https://www.youtube.com/watch?v=WiwL2cx6rew! This is most likely caused b

📡 [xp]
   📋 [xp] 1 vídeo(s) do dia — IA selecionando...
   ✅ [xp] 🟡 23/06/2026 |  CIRCUIT BREAKER na COREIA do Sul e açõe (27min)
      Motivo IA: O vídeo possui a data correta, o termo 'Morning Call' no título e aborda o panorama macroeconômico do dia.
   ✅ OK | 27min | 23,600 chars

📡 [picpay]
   📋 [picpay] 1 vídeo(s) do dia — IA selecionando...
   ✅ [picpay] #924 Economic Daily: Foreign inflow boosts Ibovespa to  (5min)
      Motivo IA: O vídeo é um Economic Daily, que se enquadra na categoria de podcast diário de economia com foco no panorama do mercado na data solicitada.
   ✅ OK | 5min | 4,441 chars

📊 4/5 canais coletados


============================================================
O mercado financeiro desta terça-feira, 23 de junho de 2026, é marcado por um movimento de aversão ao risco global, com forte pressão vendedora no setor de tecnologia e semicondutores, que impacta bolsas na Ásia, Europa e Estados Unidos. O canal Investing não está disponível hoje devido a um erro técnico na recuperação de sua transcrição. Segundo o BTG, a Genial e a XP, o movimento de realização em tecnologia é visto como um ajuste necessário após um período de hiperalocação e alavancagem recorde, com destaque para a queda acentuada de papéis como Samsung e SpaceX. O cenário macro é agravado pela valorização do dólar global (DXY acima de 101 pontos) e pela perspectiva de uma política monetária mais restritiva pelo Federal Reserve, com o Bank of America revisando a projeção para até três altas de juros nos EUA este ano.

Há consenso entre BTG, Genial e PicPay de que a ata do COPOM é o evento central para o mercado brasileiro hoje. Enquanto o BTG e a Genial apontam que a ata trouxe um tom mais conservador (*hawkish*) e reconheceu riscos altistas para a inflação, o PicPay destaca que o mercado busca no documento a fundamentação técnica para o alongamento do horizonte relevante da política monetária. Divergências pontuais surgem sobre o comportamento do Ibovespa: a Genial e o PicPay notaram um descolamento positivo do índice brasileiro na véspera, impulsionado por fluxo estrangeiro em ativos de valor e dividendos, enquanto a XP pondera que o cenário de juros elevados e a fragilidade fiscal impõem desafios estruturais que limitam o otimismo.

No âmbito corporativo e de ativos, a XP iniciou cobertura no setor de saúde, destacando Red D'Or e Bradesco Saúde como *top picks* devido à resiliência operacional e múltiplos atrativos, apesar dos desafios macroeconômicos. O PicPay ressalta que o cancelamento do leilão de NTN-B pelo Tesouro Nacional foi um sinal importante de que a autoridade fiscal não pretende chancelar taxas reais excessivamente elevadas. Por fim, o BTG e a Genial reforçam a cautela com o setor de *commodities*, especialmente o petróleo e metais, que operam sob pressão devido à volatilidade geopolítica e aos dados fracos de atividade econômica (PMIs) na Europa e Alemanha, que sinalizam uma desaceleração global.
============================================================

📈 Buscando preços de mercado...
✅ Email enviado para: bernardo.mrlima0110@gmail.com, tdvuono@gmail.com
[11:05:10] Script finalizado
