[10:30:01] Iniciando Morning Call Digest | python=C:\Users\berbe\AppData\Local\Microsoft\WindowsApps\py.exe
🔌 Suspensão por ociosidade bloqueada durante a execução
🗓️  Digest de: 10/06/2026

🔍 Verificando bloqueio de IP...
✅ IP liberado — iniciando coleta

📡 [btg]
   📋 [btg] 1 vídeo(s) do dia — IA selecionando...
   ✅ [btg] 🔵 10/06 - Mercados recuam com escalada do conflito para (27min)
      Motivo IA: O vídeo possui o título explícito de Morning Call, foi publicado na data correta e aborda o panorama macroeconômico do dia.
   ✅ OK | 27min | 28,006 chars

📡 [genial]
   📋 [genial] 2 vídeo(s) do dia — IA selecionando...
   ✅ [genial] 🔴 10/06 Big Techs pressionam bolsas e risco Irã derruba (49min)
      Motivo IA: O vídeo apresenta um panorama macroeconômico do dia com análise de mercado antes da abertura, caracterizando um Morning Call.
   ✅ OK | 48min | 42,292 chars

📡 [investing]
   📋 [investing] 1 vídeo(s) do dia — IA selecionando...
   ✅ [investing] Mercado acompanha tensão no Irã antes de CPI nos EUA -  (59min)
      Motivo IA: O vídeo possui o título explícito de Morning Call e foi publicado na data solicitada, abordando o panorama macroeconômico.
   ⏳ Transcrição indisponível — aguardando 10min (tentativa 1/3)...
   ⏳ Transcrição indisponível — aguardando 10min (tentativa 2/3)...
   ❌ Erro: 
Could not retrieve a transcript for the video https://www.youtube.com/watch?v=ROOI1u84Uyg! This is most likely caused b

📡 [xp]
   📋 [xp] 1 vídeo(s) do dia — IA selecionando...
   ✅ [xp] 🟡 10/06/2026 | ECONOMIC SURPRISE in BRAZIL and TECHNICA (35min)
      Motivo IA: O vídeo possui a data correta e o termo 'Morning Call' no título, indicando o panorama macroeconômico do dia.
   ✅ OK | 35min | 35,456 chars

📡 [picpay]
   📋 [picpay] 1 vídeo(s) do dia — IA selecionando...
   ✅ [picpay] #915 Economic Daily: Trump changes his tone and oil era (4min)
      Motivo IA: O vídeo é um podcast diário de economia (Economic Daily) publicado na data solicitada, cobrindo o panorama macroeconômico.
   ✅ OK | 4min | 3,973 chars

📊 4/5 canais coletados


============================================================
Informamos que o canal Investing não está disponível para análise hoje devido a um erro técnico na recuperação de sua transcrição.

O mercado financeiro global opera sob forte aversão ao risco nesta quarta-feira, 10 de junho de 2026, pressionado pela escalada das tensões geopolíticas no Oriente Médio e pela expectativa em torno do CPI americano. Segundo o BTG, o mercado vive um momento de menor visibilidade, com o petróleo mantendo patamares elevados próximos a US$ 92 após novas declarações belicosas entre Estados Unidos e Irã. A Genial destaca que a volatilidade em tecnologia é extrema, com quedas acentuadas em ativos globais do setor, enquanto a XP aponta que o índice de surpresa econômica (Exprice) atingiu patamares elevados, refletindo dados de inflação que superam as expectativas e forçam uma postura mais cautelosa dos bancos centrais.

Há consenso entre BTG, Genial, XP e PicPay de que o CPI dos Estados Unidos, divulgado hoje, é o principal gatilho para a direção dos ativos. O PicPay ressalta que a projeção aponta aceleração para 4,2% no acumulado anual, e qualquer leitura acima do esperado pode levar os vértices longos da curva de juros brasileira a romperem a marca de 15%. Enquanto a XP observa que a correlação entre a queda do petróleo e o fechamento da curva de juros foi quebrada nas últimas semanas, o BTG e a Genial divergem sobre a magnitude da resposta monetária necessária, com o BTG alertando para o risco de uma postura mais contracionista do Fed, enquanto a Genial questiona a sustentabilidade de altas de juros diante do elevado endividamento global e da dominância fiscal.

No cenário doméstico, o estresse fiscal e a aversão ao risco dominam as mesas de operação. Segundo a Genial, o debate sobre o risco de quebra do Brasil é considerado pobre, sendo o movimento atual mais relacionado a uma busca por liquidez e proteção em Tesouro Selic do que a uma insolvência real. A XP reforça que a falta de compradores para ativos sensíveis a juros, somada a medidas de estímulo que contrariam a política monetária, tem pressionado a curva de juros. O PicPay complementa que o Tesouro Nacional tem evitado forçar captações em taxas muito elevadas, interpretando o baixo volume de leilões como um sinal de cautela da autoridade fiscal diante do cenário de incerteza.
============================================================

📈 Buscando preços de mercado...
✅ Email enviado para: bernardo.mrlima0110@gmail.com, tdvuono@gmail.com
[11:05:36] Script finalizado
