[10:30:00] Iniciando Morning Call Digest | python=C:\Users\berbe\AppData\Local\Microsoft\WindowsApps\py.exe
🔌 Suspensão por ociosidade bloqueada durante a execução
🗓️  Digest de: 16/06/2026

🔍 Verificando bloqueio de IP...
✅ IP liberado — iniciando coleta

📡 [btg]
   📋 [btg] 1 vídeo(s) do dia — IA selecionando...
   ✅ [btg] 🔵 16/06 - BoJ sobe juros ao maior nível em 31 anos; Cop (23min)
      Motivo IA: O vídeo possui o título 'Morning Call', a data correta e aborda o panorama macroeconômico do dia.
   ✅ OK | 23min | 21,983 chars

📡 [genial]
   📋 [genial] 3 vídeo(s) do dia — IA selecionando...
   ✅ [genial] 🔴 16/06/2026 Bolsas pausam com Fed no radar; petróleo c (53min)
      Motivo IA: O vídeo apresenta o panorama macroeconômico do dia com o título explícito de Morning Call.
   ✅ OK | 53min | 46,174 chars

📡 [investing]
   📋 [investing] 1 vídeo(s) do dia — IA selecionando...
   ✅ [investing] Petróleo derruba Ibovespa enquanto NY decola; IGP-10 no (50min)
      Motivo IA: O vídeo possui o título explícito de Morning Call e foi publicado na data solicitada, abordando o panorama macroeconômico do dia.
   ⏳ Transcrição indisponível — aguardando 10min (tentativa 1/3)...
   ⏳ Transcrição indisponível — aguardando 10min (tentativa 2/3)...
   ❌ Erro: 
Could not retrieve a transcript for the video https://www.youtube.com/watch?v=6WrBGokSEI4! This is most likely caused b

📡 [xp]
   📋 [xp] 1 vídeo(s) do dia — IA selecionando...
   ✅ [xp] 🟡 16/06/2026 | IPCA+: por que vale investir no maior ju (31min)
      Motivo IA: O vídeo possui a data correta, o termo 'Morning Call' no título e aborda o panorama macroeconômico do dia.
   ✅ OK | 31min | 27,428 chars

📡 [picpay]
   📋 [picpay] 1 vídeo(s) do dia — IA selecionando...
   ✅ [picpay] #919 Economic Daily: Wall Street hits new high while Br (4min)
      Motivo IA: O vídeo é um podcast diário de economia com foco no panorama macro do dia 16/06/2026.
   ✅ OK | 4min | 3,626 chars

📊 4/5 canais coletados


============================================================
O mercado financeiro opera em compasso de espera nesta terça-feira, 16 de junho de 2026, aguardando as decisões de política monetária da "Super Quarta". Informamos que o canal Investing não está disponível hoje devido a um erro técnico na recuperação de sua transcrição. Segundo o BTG, a Genial, a XP e o PicPay, o cenário global é de consolidação após o otimismo gerado pelo acordo entre Estados Unidos e Irã para a reabertura do Estreito de Ormus. Enquanto o BTG e a XP destacam a estabilidade dos índices futuros, a Genial ressalta o movimento monotemático do mercado global voltado para tecnologia, com destaque para a valorização da SpaceX, que desafia gigantes como a Amazon em valor de mercado.

Há consenso entre os canais de que o arrefecimento do petróleo, que opera abaixo dos US$ 81, trouxe um alívio necessário para a curva de juros globais e locais. O PicPay pontua que essa queda da commodity, embora positiva para a inflação, impacta negativamente o Ibovespa devido ao peso das petroleiras, como Petrobras, que lideraram as quedas recentes. A XP e o PicPay observam que o mercado brasileiro descolou do otimismo externo, com investidores realizando ajustes de posições em ativos ligados a termos de troca, enquanto a Genial reforça que o fluxo de capital estrangeiro segue concentrado em tecnologia, deixando o Brasil em segundo plano.

Sobre a política monetária, a XP e o PicPay destacam que a precificação para o COPOM aponta para um corte de 25 pontos-base na Selic, com 80% de probabilidade. Contudo, há divergência na leitura sobre o futuro: enquanto o BTG e a XP alertam para a desancoragem das expectativas inflacionárias no Boletim Focus, o PicPay enfatiza que o comunicado do Banco Central será crucial para equilibrar o corte de juros com a necessidade de responsabilidade técnica. A Genial complementa que o mercado aguarda ansiosamente pela postura do novo presidente do Fed, Kevin Rush, cuja comunicação é vista como um fator de incerteza que pode ditar o ritmo dos ativos de risco nos próximos dias.
============================================================

📈 Buscando preços de mercado...
✅ Email enviado para: bernardo.mrlima0110@gmail.com, tdvuono@gmail.com
[11:04:52] Script finalizado
