[10:30:01] Iniciando Morning Call Digest | python=C:\Users\berbe\AppData\Local\Microsoft\WindowsApps\py.exe
🔌 Suspensão por ociosidade bloqueada durante a execução
🗓️  Digest de: 07/07/2026

🔍 Verificando bloqueio de IP...
✅ IP liberado — iniciando coleta

📡 [btg]
   📋 [btg] 1 vídeo(s) do dia — IA selecionando...
   ✅ [btg] 🔵 07/07 - Melhores ações e ativos internacionais para o (25min)
      Motivo IA: O vídeo possui a data correta e é explicitamente identificado como um Morning Call de mercado.
   ✅ OK | 25min | 25,090 chars

📡 [genial]
   📋 [genial] 3 vídeo(s) do dia — IA selecionando...
   ✅ [genial] 🔴 07/07/2026 | Samsung pressiona Ásia e petróleo sobe c (50min)
      Motivo IA: O vídeo apresenta o panorama macroeconômico do dia com o título explícito de Morning Call.
   ✅ OK | 50min | 44,944 chars

📡 [investing]
   📋 [investing] 1 vídeo(s) do dia — IA selecionando...
   ✅ [investing] tecnológicas retomam ritmo de alta em meio a falas dura (50min)
      Motivo IA: O vídeo possui o termo 'Morning Call' no título e foi publicado na data solicitada, abordando o panorama macroeconômico.
   ⏳ Transcrição indisponível — aguardando 10min (tentativa 1/3)...
   ⏳ Transcrição indisponível — aguardando 10min (tentativa 2/3)...
   ❌ Erro: 
Could not retrieve a transcript for the video https://www.youtube.com/watch?v=JgHUGjWGKBw! This is most likely caused b

📡 [xp]
   📋 [xp] 2 vídeo(s) do dia — IA selecionando...
   ✅ [xp] 🟡 07/07/2026 | DÓLAR, JUROS, INFLAÇÃO: projeções XP atu (29min)
      Motivo IA: O vídeo possui a data correta, o termo 'Morning Call' no título e aborda o panorama macroeconômico diário.
   ✅ OK | 29min | 25,939 chars

📡 [picpay]
   📋 [picpay] 1 vídeo(s) do dia — IA selecionando...
   ✅ [picpay] #934 Economic Daily: Wall Street hits record high, but  (5min)
      Motivo IA: O vídeo é um podcast diário de economia que cobre o panorama macro do mercado na data solicitada.
   ✅ OK | 5min | 4,594 chars

📊 4/5 canais coletados


============================================================
Prezado investidor,

Informo que o canal Investing não está disponível hoje devido a um erro técnico na recuperação da transcrição. O cenário macroeconômico global desta terça-feira, 7 de julho de 2026, é marcado por uma forte volatilidade no setor de tecnologia, impulsionada pela reação negativa aos resultados da Samsung na Ásia, o que gerou quedas expressivas em semicondutores e memórias. Segundo o BTG e a Genial, o mercado monitora um possível início de rotação de ativos, com investidores reduzindo posições em tecnologia para buscar oportunidades em empresas de capital intensivo e setores mais tradicionais, movimento que a XP também observa como uma busca por ativos reais. Enquanto o BTG destaca a tensão geopolítica no Oriente Médio após incidentes no Estreito de Ormus, a Genial e o PicPay ressaltam que o petróleo tem reagido com moderação, dado o aumento da oferta pela OPEP+ e a postura da Arábia Saudita.

No Brasil, há consenso entre BTG, XP e PicPay de que o mercado local permanece refém do fluxo estrangeiro, que tem priorizado a alocação em tecnologia nos Estados Unidos em detrimento de mercados emergentes. A XP destaca que, apesar da queda do Ibovespa no último pregão, o cenário de juros altos por mais tempo continua pressionando empresas cíclicas. O PicPay reforça que a cautela doméstica é amplificada pelo cenário eleitoral e por incertezas nas relações comerciais com os Estados Unidos. Em termos de indicadores, a Genial e o PicPay apontam a deflação do IGP-DI como um alívio pontual, enquanto a XP ressalta que a queda do petróleo ajuda a reduzir pressões inflacionárias, embora não elimine os riscos estruturais de oferta e demanda.

Quanto às perspectivas, a XP mantém sua projeção de que o Banco Central deve realizar um corte adicional de 0,25 p.p. na Selic, levando a taxa a 14%, antes de uma pausa para avaliar o cenário fiscal pós-eleições. Divergindo levemente na análise de fluxo, a Genial observa uma estabilização recente na entrada de capital estrangeiro, enquanto o PicPay enfatiza que o acumulado de julho ainda registra saída de recursos. O consenso entre os canais é de que a agenda de dados desta semana é esvaziada, com o mercado em compasso de espera pelo IPCA, que será divulgado na sexta-feira, e atento aos leilões do Tesouro, que servirão como termômetro para a curva de juros longa diante das preocupações fiscais.
============================================================

📈 Buscando preços de mercado...
✅ Email enviado para: bernardo.mrlima0110@gmail.com, tdvuono@gmail.com
[11:05:31] Script finalizado
