[15:40:06] Iniciando Morning Call Digest | python=C:\Users\berbe\AppData\Local\Microsoft\WindowsApps\py.exe
🔌 Suspensão por ociosidade bloqueada durante a execução
🗓️  Digest de: 17/06/2026

🔍 Verificando bloqueio de IP...
✅ IP liberado — iniciando coleta

📡 [btg]
   📋 [btg] 1 vídeo(s) do dia — IA selecionando...
   ✅ [btg] 🔵 06/17 - Fed and Copom interest rate decisions; oil be (21min)
      Motivo IA: O vídeo possui a data correta, duração típica de um resumo matinal e o título identifica explicitamente tratar-se de um Morning Call com foco em macroeconomia.
   ✅ OK | 21min | 20,225 chars

📡 [genial]
   📋 [genial] 3 vídeo(s) do dia — IA selecionando...
   ✅ [genial] 🔴 17/06 Fed Mantém Juros | Minério Desaba | Morning Cal (45min)
      Motivo IA: O vídeo possui o título explícito de Morning Call e aborda o panorama macroeconômico do dia.
   ✅ OK | 44min | 39,667 chars

📡 [investing]
   📋 [investing] 1 vídeo(s) do dia — IA selecionando...
   ✅ [investing] Foco nas decisões de juros do Fed e do Copom; petróleo  (62min)
      Motivo IA: O vídeo possui o título explícito de Morning Call e aborda o panorama macroeconômico do dia 17/06/2026.
   ⏳ Transcrição indisponível — aguardando 10min (tentativa 1/3)...
   ⏳ Transcrição indisponível — aguardando 10min (tentativa 2/3)...
   ❌ Erro: 
Could not retrieve a transcript for the video https://www.youtube.com/watch?v=TXUXMceEQEk! This is most likely caused b

📡 [xp]
   📋 [xp] 1 vídeo(s) do dia — IA selecionando...
   ✅ [xp] 🟡 17/06/2026 | Impactos do EL NIÑO e decisão de JUROS n (30min)
      Motivo IA: O vídeo possui a data correta, o título identifica explicitamente como Morning Call e aborda o panorama macroeconômico do dia.
   ✅ OK | 30min | 30,195 chars

📡 [picpay]
   📋 [picpay] 1 vídeo(s) do dia — IA selecionando...
   ✅ [picpay] #920 Diário Econômico: Petróleo desaba 5% e Copom corta (5min)
      Motivo IA: O vídeo é um diário econômico matinal que aborda o panorama macro do mercado na data solicitada.
   ✅ OK | 4min | 4,391 chars

📊 4/5 canais coletados


============================================================
O mercado financeiro opera em compasso de espera nesta "Super Quarta" (17/06/2026), marcada pelas decisões de política monetária do Federal Reserve (Fed) e do Comitê de Política Monetária (Copom). Ressalta-se que o canal Investing não está disponível devido a um erro técnico. O cenário global é influenciado pela expectativa em torno da estreia de Kevin Warsh na presidência do Fed, com analistas do BTG, Genial, XP e PicPay monitorando se o tom será mais flexível ou rigoroso, especialmente após a recente queda nos preços do petróleo, que pode atuar como um fator desinflacionário.

Há consenso entre os canais de que o Fed manterá os juros inalterados, enquanto no Brasil a expectativa majoritária é de um corte de 0,25 ponto percentual na Selic, levando-a a 14,25%. Segundo o BTG e a XP, o foco recai sobre a comunicação e o "dot plot" (gráfico de pontos) do Fed, que indicarão a trajetória futura dos juros. A Genial destaca que o "excepcionalismo americano" e a força do dólar globalmente são os principais riscos para os ativos brasileiros, enquanto o PicPay aponta que o Banco Central brasileiro chega à reunião em uma posição tecnicamente desconfortável, com expectativas de inflação desancoradas que limitam sua margem de manobra.

Em relação aos ativos, o setor de petróleo segue sob pressão após notícias sobre um possível acordo entre Estados Unidos e Irã, o que levou a quedas expressivas na commodity nos últimos pregões. Enquanto a XP e o PicPay destacam o impacto negativo dessa volatilidade em empresas como Petrobras e Braskem, a Genial observa que o fluxo de investidores estrangeiros tem sido de saída, pressionando o Ibovespa. Paralelamente, a XP trouxe uma análise sobre os impactos do fenômeno climático El Niño, indicando que, embora seja cedo para um posicionamento definitivo, o evento pode afetar a produtividade agrícola e o varejo, com setores como o de vestuário e farmácias apresentando dinâmicas distintas de resiliência.
============================================================

📈 Buscando preços de mercado...
✅ Email enviado para: bernardo.mrlima0110@gmail.com, tdvuono@gmail.com
[16:14:33] Script finalizado
