[16:18:31] Iniciando Morning Call Digest | python=C:\Users\berbe\AppData\Local\Microsoft\WindowsApps\py.exe
🔌 Suspensão por ociosidade bloqueada durante a execução
🗓️  Digest de: 25/06/2026

🔍 Verificando bloqueio de IP...
✅ IP liberado — iniciando coleta

📡 [btg]
   📋 [btg] 1 vídeo(s) do dia — IA selecionando...
   ✅ [btg] 🔵 25/06 - Petróleo cai mesmo com divergências EUA-Irã;  (28min)
      Motivo IA: O vídeo possui o título explícito de 'Morning Call', a data correta e aborda o panorama macroeconômico do dia.
   ✅ OK | 28min | 27,247 chars

📡 [genial]
   📋 [genial] 3 vídeo(s) do dia — IA selecionando...
   ✅ [genial] 🔴 25/06 Inflação nos EUA e BR; Ibov retoma 170 mil e dó (32min)
      Motivo IA: O vídeo apresenta um resumo macroeconômico matinal focado nos principais indicadores do dia, caracterizando-se como um Morning Call.
   ✅ OK | 31min | 26,125 chars

📡 [investing]
   📋 [investing] 1 vídeo(s) do dia — IA selecionando...
   ✅ [investing] IPCA-15 e PCE ditam projeções de próximos passos de Cop (60min)
      Motivo IA: O vídeo possui o título explícito de Morning Call e foi publicado na data solicitada, abordando o panorama macroeconômico.
   ⏳ Transcrição indisponível — aguardando 10min (tentativa 1/3)...
   ⏳ Transcrição indisponível — aguardando 10min (tentativa 2/3)...
   ❌ Erro: 
Could not retrieve a transcript for the video https://www.youtube.com/watch?v=d3CoSpLxYdg! This is most likely caused b

📡 [xp]
   📋 [xp] 1 vídeo(s) do dia — IA selecionando...
   ✅ [xp] 🟡 25/06/2026 | RENDA FIXA: como aproveitar as OPORTUNID (35min)
      Motivo IA: O vídeo possui a data correta e está explicitamente identificado como um Morning Call focado no panorama de mercado.
   ✅ OK | 35min | 27,294 chars

📡 [picpay]
   📋 [picpay] 1 vídeo(s) do dia — IA selecionando...
   ✅ [picpay] #926 Economic Daily: Oil drop eases inflation but pulls (5min)
      Motivo IA: O vídeo é um podcast diário de economia que analisa o panorama macroeconômico do dia 25/06/2026.
   ✅ OK | 5min | 4,912 chars

📊 4/5 canais coletados


============================================================
O mercado financeiro desta quinta-feira, 25 de junho de 2026, opera sob forte expectativa com a divulgação de dados cruciais de inflação, como o IPCA-15 no Brasil e o PCE nos Estados Unidos. Ressalta-se que o canal Investing não está disponível hoje devido a um erro técnico na recuperação de sua transcrição. Segundo o BTG, o mercado global apresenta propensão ao risco, impulsionado pelo forte desempenho da Micron e pelo otimismo com o setor de inteligência artificial, enquanto a Genial observa uma possível rotação de portfólios, com investidores migrando de empresas de crescimento para ativos de valor.

Há consenso entre BTG, Genial, XP e PicPay de que a queda recente do petróleo, motivada pela normalização do tráfego no Estreito de Ormuz, tem sido o principal vetor de alívio para as curvas de juros globais e domésticas. Enquanto o PicPay destaca que o recuo do petróleo reduziu o prêmio de risco geopolítico, a XP aponta que, apesar desse alívio, o cenário fiscal e a volatilidade estrutural mantêm os juros em patamares elevados, recomendando cautela com a *duration* das carteiras. A Genial reforça que o mercado se posicionou de forma defensiva nos últimos dias, o que amplifica a reação positiva aos dados de inflação que vieram em linha com o esperado.

Em relação aos ativos, o BTG e a XP destacam a volatilidade na bolsa coreana e o impacto dos resultados de tecnologia no sentimento global. No cenário doméstico, o PicPay observa que, embora o Ibovespa tenha sofrido com a queda de commodities como Petrobras e Vale, os setores cíclicos domésticos têm reagido positivamente ao fechamento da curva de juros. A XP reforça a atratividade das NTNBs como oportunidade estrutural, enquanto a Genial e o BTG monitoram de perto a coletiva do presidente do Banco Central, Gabriel Galípolo, como o evento decisivo para balizar as expectativas sobre a trajetória da Selic diante do atual cenário de incertezas.
============================================================

📈 Buscando preços de mercado...
✅ Email enviado para: bernardo.mrlima0110@gmail.com, tdvuono@gmail.com
[16:54:33] Script finalizado
