[10:30:01] Iniciando Morning Call Digest | python=C:\Users\berbe\AppData\Local\Microsoft\WindowsApps\py.exe
🔌 Suspensão por ociosidade bloqueada durante a execução
🗓️  Digest de: 19/06/2026

🔍 Verificando bloqueio de IP...
✅ IP liberado — iniciando coleta

📡 [btg]
   📋 [btg] 1 vídeo(s) do dia — IA selecionando...
   ✅ [btg] 🔵 19/06 - EUA colocam trégua com Irã em xeque; mercados (30min)
      Motivo IA: O vídeo possui o título 'Morning Call', a data correta e aborda o panorama macroeconômico antes da abertura do mercado.
   ✅ OK | 29min | 28,026 chars

📡 [genial]
   📋 [genial] 2 vídeo(s) do dia — IA selecionando...
   ✅ [genial] 🔴 19/06 Cautela global: EUA-Irã e Fed hawkish pressiona (53min)
      Motivo IA: O vídeo apresenta o panorama macroeconômico do dia antes da abertura do mercado, caracterizando-se como um Morning Call.
   ✅ OK | 53min | 50,304 chars

📡 [investing]
   📋 [investing] 1 vídeo(s) do dia — IA selecionando...
   ✅ [investing] Agenda esvaziada e feriado nos EUA tiram liquidez do me (53min)
      Motivo IA: O vídeo possui o termo 'Morning Call' no título, foi publicado na data correta e aborda o panorama macroeconômico do dia.
   ⏳ Transcrição indisponível — aguardando 10min (tentativa 1/3)...
   ⏳ Transcrição indisponível — aguardando 10min (tentativa 2/3)...
   ❌ Erro: 
Could not retrieve a transcript for the video https://www.youtube.com/watch?v=R-6JSeGGrQ0! This is most likely caused b

📡 [xp]
   📋 [xp] 1 vídeo(s) do dia — IA selecionando...
   ✅ [xp] 🟡 19/06/2026 | ALAVANCAGEM no BRASIL: como está a saúde (35min)
      Motivo IA: O vídeo possui a data correta e a nomenclatura explícita de Morning Call, focando no panorama macroeconômico.
   ✅ OK | 35min | 33,524 chars

📡 [picpay]
   📋 [picpay] 1 vídeo(s) do dia — IA selecionando...
   ✅ [picpay] #922 Economic Daily: Dollar soars after COPOM extends r (4min)
      Motivo IA: O vídeo é um podcast diário de economia que analisa o panorama macroeconômico do dia 19/06/2026.
   ✅ OK | 4min | 3,998 chars

📊 4/5 canais coletados


============================================================
Informamos que não foi possível incluir o canal Investing neste resumo devido a um erro técnico na recuperação da transcrição do vídeo.

O mercado financeiro desta sexta-feira, 19 de junho de 2026, opera com liquidez reduzida devido aos feriados nos Estados Unidos e na China. O cenário macroeconômico é marcado pela repercussão da "Super Quarta", com o BTG, a Genial e o PicPay destacando a postura do Banco Central brasileiro, que cortou a Selic em 0,25 p.p. ao alongar o horizonte relevante para 2028. Segundo o PicPay, essa manobra técnica foi lida pelo mercado como permissiva, gerando desancoragem de expectativas e pressão sobre o câmbio. A Genial reforça que o mercado questiona a consistência dessa decisão frente à resiliência da atividade econômica, enquanto a XP aponta que a curva de juros brasileira sofreu inclinação, com abertura nos vértices longos, refletindo o prêmio de risco exigido pelos investidores.

Há consenso entre os canais de que o dólar mantém viés de alta, impulsionado tanto pelo fortalecimento global da moeda (DXY acima de 100 pontos) quanto pela postura *hawkish* do Federal Reserve sob a presidência de Kevin Wash. Enquanto o BTG e a Genial observam que a comunicação dos bancos centrais aumentou a volatilidade global, a XP destaca que o cenário de juros altos por mais tempo exige cautela com empresas alavancadas. Em relação ao conflito no Oriente Médio, o BTG, a Genial e o PicPay notam que, apesar da assinatura do memorando entre Estados Unidos e Irã e da reabertura gradual do Estreito de Ormuz, a normalização do fluxo de petróleo será lenta e ainda cercada de incertezas geopolíticas, o que mantém o preço da *commodity* em patamares voláteis.

No ambiente corporativo e de ativos, a XP destaca, por meio de relatório setorial, que a estratégia vencedora no Brasil permanece focada em empresas de alta qualidade e baixa alavancagem, dado que o cenário macro atual limita o alívio nas despesas financeiras. A Genial e o BTG reiteram que o setor de tecnologia e inteligência artificial continua atuando como um ímã de atração de capital, apesar de alertas sobre *valuations* esticados. Por fim, o PicPay projeta que o pregão de hoje será guiado pelo fluxo doméstico, com viés negativo para o Ibovespa e pressão cambial, enquanto a XP, através de sua análise técnica, observa que o índice brasileiro testa a média de 200 períodos, mantendo-se em uma zona de indefinição que exige seletividade na montagem de posições.
============================================================

📈 Buscando preços de mercado...
✅ Email enviado para: bernardo.mrlima0110@gmail.com, tdvuono@gmail.com
[11:04:46] Script finalizado
